******************************************************************************
                  TI ARM Linker PC v20.2.2                     
******************************************************************************
>> Linked Fri Jun  4 02:20:06 2021

OUTPUT FILE NAME:   <GPS_Project.out>
ENTRY POINT SYMBOL: "_c_int00_noargs"  address: 000017e9


MEMORY CONFIGURATION

         name            origin    length      used     unused   attr    fill
----------------------  --------  ---------  --------  --------  ----  --------
  FLASH                 00000000   00040000  0000188a  0003e776  R  X
  SRAM                  20000000   00008000  00000277  00007d89  RW X


SEGMENT ALLOCATION MAP

run origin  load origin   length   init length attrs members
----------  ----------- ---------- ----------- ----- -------
00000000    00000000    00001890   00001890    r-x
  00000000    00000000    0000026c   0000026c    r-- .intvecs
  0000026c    0000026c    000015ee   000015ee    r-x .text
  00001860    00001860    00000030   00000030    r-- .cinit
20000000    20000000    00000277   00000000    rw-
  20000000    20000000    00000200   00000000    rw- .stack
  20000200    20000200    00000074   00000000    rw- .bss
  20000274    20000274    00000003   00000000    rw- .data


SECTION ALLOCATION MAP

 output                                  attributes/
section   page    origin      length       input sections
--------  ----  ----------  ----------   ----------------
.intvecs   0    00000000    0000026c     
                  00000000    0000026c     tm4c123gh6pm_startup_ccs.obj (.intvecs)

.text      0    0000026c    000015ee     
                  0000026c    00000ae4     GPIO_program.obj (.text)
                  00000d50    0000075c     UART_program.obj (.text)
                  000014ac    0000015a     LCD_program.obj (.text)
                  00001606    0000009c     rtsv7M4_T_le_v4SPD16_eabi.lib : memcpy_t2.asm.obj (.text)
                  000016a2    00000002     --HOLE-- [fill = 0]
                  000016a4    00000098     main.obj (.text)
                  0000173c    00000068     rtsv7M4_T_le_v4SPD16_eabi.lib : copy_decompress_lzss.c.obj (.text:decompress:lzss:__TI_decompress_lzss)
                  000017a4    00000044                                   : autoinit.c.obj (.text:__TI_auto_init_nobinit_nopinit:__TI_auto_init_nobinit_nopinit)
                  000017e8    00000034                                   : boot_cortex_m.c.obj (.text:_c_int00_noargs:_c_int00_noargs)
                  0000181c    0000001c                                   : copy_zero_init.c.obj (.text:decompress:ZI:__TI_zero_init_nomemset:__TI_zero_init_nomemset)
                  00001838    0000000e                                   : copy_decompress_none.c.obj (.text:decompress:none:__TI_decompress_none)
                  00001846    0000000c     tm4c123gh6pm_startup_ccs.obj (.text)
                  00001852    00000004     rtsv7M4_T_le_v4SPD16_eabi.lib : pre_init.c.obj (.text:_system_pre_init)
                  00001856    00000004                                   : exit.c.obj (.text:abort:abort)

.cinit     0    00001860    00000030     
                  00001860    0000000c     (__TI_handler_table)
                  0000186c    00000004     --HOLE-- [fill = 0]
                  00001870    00000008     (.cinit..bss.load) [load image, compression = zero_init]
                  00001878    00000007     (.cinit..data.load) [load image, compression = lzss]
                  0000187f    00000001     --HOLE-- [fill = 0]
                  00001880    00000010     (__TI_cinit_table)

.init_array 
*          0    00000000    00000000     UNINITIALIZED

.bss       0    20000200    00000074     UNINITIALIZED
                  20000200    00000064     (.common:Data)
                  20000264    00000004     (.common:UART0_CallBack)
                  20000268    00000004     (.common:UART1_CallBack)
                  2000026c    00000004     (.common:UART2_CallBack)
                  20000270    00000004     (.common:UART5_CallBack)

.data      0    20000274    00000003     UNINITIALIZED
                  20000274    00000003     main.obj (.data)

.stack     0    20000000    00000200     UNINITIALIZED
                  20000000    00000004     rtsv7M4_T_le_v4SPD16_eabi.lib : boot_cortex_m.c.obj (.stack)
                  20000004    000001fc     --HOLE--

__llvm_prf_cnts 
*          0    20000000    00000000     UNINITIALIZED

MODULE SUMMARY

       Module                         code   ro data   rw data
       ------                         ----   -------   -------
    .\
       tm4c123gh6pm_startup_ccs.obj   12     620       0      
    +--+------------------------------+------+---------+---------+
       Total:                         12     620       0      
                                                              
    .\src\
       GPIO_program.obj               2788   0         0      
       UART_program.obj               1884   0         16     
       LCD_program.obj                346    0         0      
       main.obj                       152    0         103    
    +--+------------------------------+------+---------+---------+
       Total:                         5170   0         119    
                                                              
    C:\ti\ccs1020\ccs\tools\compiler\ti-cgt-arm_20.2.2.LTS\lib\rtsv7M4_T_le_v4SPD16_eabi.lib
       memcpy_t2.asm.obj              156    0         0      
       copy_decompress_lzss.c.obj     104    0         0      
       autoinit.c.obj                 68     0         0      
       boot_cortex_m.c.obj            52     0         0      
       copy_zero_init.c.obj           28     0         0      
       copy_decompress_none.c.obj     14     0         0      
       exit.c.obj                     4      0         0      
       pre_init.c.obj                 4      0         0      
    +--+------------------------------+------+---------+---------+
       Total:                         430    0         0      
                                                              
       Stack:                         0      0         512    
       Linker Generated:              0      43        0      
    +--+------------------------------+------+---------+---------+
       Grand Total:                   5612   663       631    


LINKER GENERATED COPY TABLES

__TI_cinit_table @ 00001880 records: 2, size/record: 8, table size: 16
	.bss: load addr=00001870, load size=00000008 bytes, run addr=20000200, run size=00000074 bytes, compression=zero_init
	.data: load addr=00001878, load size=00000007 bytes, run addr=20000274, run size=00000003 bytes, compression=lzss


LINKER GENERATED HANDLER TABLE

__TI_handler_table @ 00001860 records: 3, size/record: 4, table size: 12
	index: 0, handler: __TI_decompress_lzss
	index: 1, handler: __TI_decompress_none
	index: 2, handler: __TI_zero_init


GLOBAL SYMBOLS: SORTED ALPHABETICALLY BY Name 

address   name                             
-------   ----                             
00001857  C$$EXIT                          
000016b7  CallBack_UART2                   
20000276  Counter                          
20000200  Data                             
20000275  GPRMC_Counter                    
20000274  GPRMC_Flag                       
0000158d  HLCD_Clear                       
000014ad  HLCD_Init                        
0000154d  HLCD_SendChar                    
0000150d  HLCD_SendCommand                 
0000159d  HLCD_SendString                  
00000883  MGPIO_u8GetPinDigitalValue       
0000051d  MGPIO_voidEnablePullUpDown       
0000026d  MGPIO_voidSetPinDigitalDirection 
00000789  MGPIO_voidSetPinDigitalValue     
000009cd  MGPIO_voidSetPortDigitalDirection
00000c3b  MGPIO_voidSetPortDigitalValue    
00000925  MGPIO_voidTogglePinDigitalValue  
00001005  MUART0_u8SendByte                
00000d51  MUART0_voidInit                  
00000fc5  MUART0_voidReceiveByte           
0000114d  MUART0_voidSendString            
00001075  MUART0_voidSetCallBack           
00001021  MUART1_u8SendByte                
00000dfd  MUART1_voidInit                  
00000fd5  MUART1_voidReceiveByte           
000011d5  MUART1_voidSendString            
00001085  MUART1_voidSetCallBack           
0000103d  MUART2_u8SendByte                
00000e8b  MUART2_voidInit                  
00000fe5  MUART2_voidReceiveByte           
00001261  MUART2_voidSendString            
00001095  MUART2_voidSetCallBack           
00001059  MUART5_u8SendByte                
00000f37  MUART5_voidInit                  
00000ff5  MUART5_voidReceiveByte           
000012f9  MUART5_voidSendString            
000010a5  MUART5_voidSetCallBack           
00001371  MUART_voidActivatInterrupt       
00001409  MUART_voidDeactivatInterrupt     
00001719  Parse                            
00001847  ResetISR                         
20000264  UART0_CallBack                   
000010b5  UART0_Handler                    
20000268  UART1_CallBack                   
000010c9  UART1_Handler                    
2000026c  UART2_CallBack                   
000010dd  UART2_Handler                    
20000270  UART5_CallBack                   
0000110d  UART5_Handler                    
20000200  __STACK_END                      
00000200  __STACK_SIZE                     
20000200  __STACK_TOP                      
00001880  __TI_CINIT_Base                  
00001890  __TI_CINIT_Limit                 
00001860  __TI_Handler_Table_Base          
0000186c  __TI_Handler_Table_Limit         
000017a5  __TI_auto_init_nobinit_nopinit   
0000173d  __TI_decompress_lzss             
00001839  __TI_decompress_none             
ffffffff  __TI_pprof_out_hndl              
ffffffff  __TI_prof_data_size              
ffffffff  __TI_prof_data_start             
00000000  __TI_static_base__               
0000181d  __TI_zero_init_nomemset          
00001607  __aeabi_memcpy                   
00001607  __aeabi_memcpy4                  
00001607  __aeabi_memcpy8                  
ffffffff  __binit__                        
ffffffff  __c_args__                       
UNDEFED   __mpu_init                       
20000000  __stack                          
20000000  __start___llvm_prf_cnts          
20000000  __stop___llvm_prf_cnts           
000017e9  _c_int00_noargs                  
UNDEFED   _system_post_cinit               
00001853  _system_pre_init                 
00001857  abort                            
ffffffff  binit                            
00000000  g_pfnVectors                     
000016a5  main                             
00001607  memcpy                           


GLOBAL SYMBOLS: SORTED BY Symbol Address 

address   name                             
-------   ----                             
00000000  __TI_static_base__               
00000000  g_pfnVectors                     
00000200  __STACK_SIZE                     
0000026d  MGPIO_voidSetPinDigitalDirection 
0000051d  MGPIO_voidEnablePullUpDown       
00000789  MGPIO_voidSetPinDigitalValue     
00000883  MGPIO_u8GetPinDigitalValue       
00000925  MGPIO_voidTogglePinDigitalValue  
000009cd  MGPIO_voidSetPortDigitalDirection
00000c3b  MGPIO_voidSetPortDigitalValue    
00000d51  MUART0_voidInit                  
00000dfd  MUART1_voidInit                  
00000e8b  MUART2_voidInit                  
00000f37  MUART5_voidInit                  
00000fc5  MUART0_voidReceiveByte           
00000fd5  MUART1_voidReceiveByte           
00000fe5  MUART2_voidReceiveByte           
00000ff5  MUART5_voidReceiveByte           
00001005  MUART0_u8SendByte                
00001021  MUART1_u8SendByte                
0000103d  MUART2_u8SendByte                
00001059  MUART5_u8SendByte                
00001075  MUART0_voidSetCallBack           
00001085  MUART1_voidSetCallBack           
00001095  MUART2_voidSetCallBack           
000010a5  MUART5_voidSetCallBack           
000010b5  UART0_Handler                    
000010c9  UART1_Handler                    
000010dd  UART2_Handler                    
0000110d  UART5_Handler                    
0000114d  MUART0_voidSendString            
000011d5  MUART1_voidSendString            
00001261  MUART2_voidSendString            
000012f9  MUART5_voidSendString            
00001371  MUART_voidActivatInterrupt       
00001409  MUART_voidDeactivatInterrupt     
000014ad  HLCD_Init                        
0000150d  HLCD_SendCommand                 
0000154d  HLCD_SendChar                    
0000158d  HLCD_Clear                       
0000159d  HLCD_SendString                  
00001607  __aeabi_memcpy                   
00001607  __aeabi_memcpy4                  
00001607  __aeabi_memcpy8                  
00001607  memcpy                           
000016a5  main                             
000016b7  CallBack_UART2                   
00001719  Parse                            
0000173d  __TI_decompress_lzss             
000017a5  __TI_auto_init_nobinit_nopinit   
000017e9  _c_int00_noargs                  
0000181d  __TI_zero_init_nomemset          
00001839  __TI_decompress_none             
00001847  ResetISR                         
00001853  _system_pre_init                 
00001857  C$$EXIT                          
00001857  abort                            
00001860  __TI_Handler_Table_Base          
0000186c  __TI_Handler_Table_Limit         
00001880  __TI_CINIT_Base                  
00001890  __TI_CINIT_Limit                 
20000000  __stack                          
20000000  __start___llvm_prf_cnts          
20000000  __stop___llvm_prf_cnts           
20000200  Data                             
20000200  __STACK_END                      
20000200  __STACK_TOP                      
20000264  UART0_CallBack                   
20000268  UART1_CallBack                   
2000026c  UART2_CallBack                   
20000270  UART5_CallBack                   
20000274  GPRMC_Flag                       
20000275  GPRMC_Counter                    
20000276  Counter                          
ffffffff  __TI_pprof_out_hndl              
ffffffff  __TI_prof_data_size              
ffffffff  __TI_prof_data_start             
ffffffff  __binit__                        
ffffffff  __c_args__                       
ffffffff  binit                            
UNDEFED   __mpu_init                       
UNDEFED   _system_post_cinit               

[82 symbols]
