******************************************************************************
                  TI ARM Linker PC v20.2.2                     
******************************************************************************
>> Linked Sat Jun  5 16:04:44 2021

OUTPUT FILE NAME:   <GPS_Project.out>
ENTRY POINT SYMBOL: "_c_int00_noargs"  address: 0000527d


MEMORY CONFIGURATION

         name            origin    length      used     unused   attr    fill
----------------------  --------  ---------  --------  --------  ----  --------
  FLASH                 00000000   00040000  000056d8  0003a928  R  X
  SRAM                  20000000   00008000  000002c0  00007d40  RW X


SEGMENT ALLOCATION MAP

run origin  load origin   length   init length attrs members
----------  ----------- ---------- ----------- ----- -------
00000000    00000000    000056d8   000056d8    r-x
  00000000    00000000    0000026c   0000026c    r-- .intvecs
  0000026c    0000026c    000050e4   000050e4    r-x .text
  00005350    00005350    00000358   00000358    r-- .const
  000056a8    000056a8    00000030   00000030    r-- .cinit
20000000    20000000    000002c0   00000000    rw-
  20000000    20000000    00000200   00000000    rw- .stack
  20000200    20000200    000000b4   00000000    rw- .bss
  200002b4    200002b4    0000000c   00000000    rw- .data


SECTION ALLOCATION MAP

 output                                  attributes/
section   page    origin      length       input sections
--------  ----  ----------  ----------   ----------------
.intvecs   0    00000000    0000026c     
                  00000000    0000026c     tm4c123gh6pm_startup_ccs.obj (.intvecs)

.text      0    0000026c    000050e4     
                  0000026c    00000ae4     GPIO_program.obj (.text)
                  00000d50    000009c0     rtsv7M4_T_le_v4SPD16_eabi.lib : e_pow.c.obj (.text:pow)
                  00001710    000008ec     GPS_program.obj (.text)
                  00001ffc    00000738     rtsv7M4_T_le_v4SPD16_eabi.lib : k_rem_pio2.c.obj (.text:__kernel_rem_pio2)
                  00002734    00000708     UART_program.obj (.text)
                  00002e3c    000005dc     rtsv7M4_T_le_v4SPD16_eabi.lib : s_cos.c.obj (.text:cos)
                  00003418    000005c4                                   : s_sin.c.obj (.text:sin)
                  000039dc    00000460                                   : strtod.c.obj (.text:strtod)
                  00003e3c    000003d4                                   : e_asin.c.obj (.text:asin)
                  00004210    000001b6                                   : fd_add_t2.asm.obj (.text)
                  000043c6    00000196     LCD_program.obj (.text)
                  0000455c    00000174     rtsv7M4_T_le_v4SPD16_eabi.lib : k_sin.c.obj (.text:__kernel_sin)
                  000046d0    0000016c                                   : k_cos.c.obj (.text:__kernel_cos)
                  0000483c    00000158                                   : e_sqrt.c.obj (.text:sqrt)
                  00004994    00000136                                   : fd_div_t2.asm.obj (.text)
                  00004aca    00000002     --HOLE-- [fill = 0]
                  00004acc    00000110                                   : s_scalbn.c.obj (.text:scalbn)
                  00004bdc    000000fc                                   : fd_mul_t2.asm.obj (.text)
                  00004cd8    000000f8                                   : s_floor.c.obj (.text:floor)
                  00004dd0    000000a4     main.obj (.text)
                  00004e74    0000009c     rtsv7M4_T_le_v4SPD16_eabi.lib : memcpy_t2.asm.obj (.text)
                  00004f10    00000086                                   : fd_cmp_t2.asm.obj (.text:__aeabi_cdcmple)
                  00004f96    00000086                                   : fd_cmp_t2.asm.obj (.text:__aeabi_cdrcmple)
                  0000501c    0000007a                                   : memset_t2.asm.obj (.text)
                  00005096    0000006e                                   : fd_tos_t2.asm.obj (.text)
                  00005104    00000068                                   : copy_decompress_lzss.c.obj (.text:decompress:lzss:__TI_decompress_lzss)
                  0000516c    0000004c                                   : atoi.c.obj (.text:atoi)
                  000051b8    00000048                                   : fd_toi_t2.asm.obj (.text)
                  00005200    00000044                                   : autoinit.c.obj (.text:__TI_auto_init_nobinit_nopinit:__TI_auto_init_nobinit_nopinit)
                  00005244    00000038                                   : fs_tod_t2.asm.obj (.text)
                  0000527c    00000034                                   : boot_cortex_m.c.obj (.text:_c_int00_noargs:_c_int00_noargs)
                  000052b0    0000002e                                   : i_tofd_t2.asm.obj (.text)
                  000052de    0000001c                                   : copy_zero_init.c.obj (.text:decompress:ZI:__TI_zero_init_nomemset:__TI_zero_init_nomemset)
                  000052fa    0000001a                                   : s_copysign.c.obj (.text:copysign)
                  00005314    00000012                                   : atof.c.obj (.text:atof)
                  00005326    0000000e                                   : copy_decompress_none.c.obj (.text:decompress:none:__TI_decompress_none)
                  00005334    0000000c     tm4c123gh6pm_startup_ccs.obj (.text)
                  00005340    00000008     rtsv7M4_T_le_v4SPD16_eabi.lib : errno.c.obj (.text:__aeabi_errno_addr)
                  00005348    00000004                                   : pre_init.c.obj (.text:_system_pre_init)
                  0000534c    00000004                                   : exit.c.obj (.text:abort:abort)

.const     0    00005350    00000358     
                  00005350    00000158     rtsv7M4_T_le_v4SPD16_eabi.lib : k_rem_pio2.c.obj (.const:$O1$$)
                  000054a8    00000101                                   : ctype.c.obj (.const:.string:_ctypes_)
                  000055a9    00000007     --HOLE-- [fill = 0]
                  000055b0    000000c8                                   : strtod.c.obj (.const:$O1$$)
                  00005678    00000030                                   : e_pow.c.obj (.const:$O1$$)

.cinit     0    000056a8    00000030     
                  000056a8    0000000c     (__TI_handler_table)
                  000056b4    00000004     --HOLE-- [fill = 0]
                  000056b8    00000008     (.cinit..bss.load) [load image, compression = zero_init]
                  000056c0    00000007     (.cinit..data.load) [load image, compression = lzss]
                  000056c7    00000001     --HOLE-- [fill = 0]
                  000056c8    00000010     (__TI_cinit_table)

.init_array 
*          0    00000000    00000000     UNINITIALIZED

.bss       0    20000200    000000b4     UNINITIALIZED
                  20000200    00000064     (.common:Data)
                  20000264    0000000c     (.common:lat1)
                  20000270    0000000c     (.common:lat2)
                  2000027c    0000000c     (.common:lon1)
                  20000288    0000000c     (.common:lon2)
                  20000294    00000004     (.common:Floatlat1)
                  20000298    00000004     (.common:Floatlat2)
                  2000029c    00000004     (.common:Floatlon1)
                  200002a0    00000004     (.common:Floatlon2)
                  200002a4    00000004     (.common:UART0_CallBack)
                  200002a8    00000004     (.common:UART1_CallBack)
                  200002ac    00000004     (.common:UART2_CallBack)
                  200002b0    00000004     (.common:UART5_CallBack)

.data      0    200002b4    0000000c     UNINITIALIZED
                  200002b4    00000007     GPS_program.obj (.data)
                  200002bb    00000001     --HOLE--
                  200002bc    00000004     rtsv7M4_T_le_v4SPD16_eabi.lib : errno.c.obj (.data)

.stack     0    20000000    00000200     UNINITIALIZED
                  20000000    00000004     rtsv7M4_T_le_v4SPD16_eabi.lib : boot_cortex_m.c.obj (.stack)
                  20000004    000001fc     --HOLE--

__llvm_prf_cnts 
*          0    20000000    00000000     UNINITIALIZED

MODULE SUMMARY

       Module                         code    ro data   rw data
       ------                         ----    -------   -------
    .\
       tm4c123gh6pm_startup_ccs.obj   12      620       0      
    +--+------------------------------+-------+---------+---------+
       Total:                         12      620       0      
                                                               
    .\src\
       GPIO_program.obj               2788    0         0      
       GPS_program.obj                2284    0         171    
       UART_program.obj               1800    0         16     
       LCD_program.obj                406     0         0      
       main.obj                       164     0         0      
    +--+------------------------------+-------+---------+---------+
       Total:                         7442    0         187    
                                                               
    C:\ti\ccs1020\ccs\tools\compiler\ti-cgt-arm_20.2.2.LTS\lib\rtsv7M4_T_le_v4SPD16_eabi.lib
       e_pow.c.obj                    2496    48        0      
       k_rem_pio2.c.obj               1848    344       0      
       s_cos.c.obj                    1500    0         0      
       s_sin.c.obj                    1476    0         0      
       strtod.c.obj                   1120    200       0      
       e_asin.c.obj                   980     0         0      
       fd_add_t2.asm.obj              438     0         0      
       k_sin.c.obj                    372     0         0      
       k_cos.c.obj                    364     0         0      
       e_sqrt.c.obj                   344     0         0      
       fd_div_t2.asm.obj              310     0         0      
       s_scalbn.c.obj                 272     0         0      
       fd_cmp_t2.asm.obj              268     0         0      
       ctype.c.obj                    0       257       0      
       fd_mul_t2.asm.obj              252     0         0      
       s_floor.c.obj                  248     0         0      
       memcpy_t2.asm.obj              156     0         0      
       memset_t2.asm.obj              122     0         0      
       fd_tos_t2.asm.obj              110     0         0      
       copy_decompress_lzss.c.obj     104     0         0      
       atoi.c.obj                     76      0         0      
       fd_toi_t2.asm.obj              72      0         0      
       autoinit.c.obj                 68      0         0      
       fs_tod_t2.asm.obj              56      0         0      
       boot_cortex_m.c.obj            52      0         0      
       i_tofd_t2.asm.obj              46      0         0      
       copy_zero_init.c.obj           28      0         0      
       s_copysign.c.obj               26      0         0      
       atof.c.obj                     18      0         0      
       copy_decompress_none.c.obj     14      0         0      
       errno.c.obj                    8       0         4      
       exit.c.obj                     4       0         0      
       pre_init.c.obj                 4       0         0      
    +--+------------------------------+-------+---------+---------+
       Total:                         13252   849       4      
                                                               
       Stack:                         0       0         512    
       Linker Generated:              0       43        0      
    +--+------------------------------+-------+---------+---------+
       Grand Total:                   20706   1512      703    


LINKER GENERATED COPY TABLES

__TI_cinit_table @ 000056c8 records: 2, size/record: 8, table size: 16
	.bss: load addr=000056b8, load size=00000008 bytes, run addr=20000200, run size=000000b4 bytes, compression=zero_init
	.data: load addr=000056c0, load size=00000007 bytes, run addr=200002b4, run size=0000000c bytes, compression=lzss


LINKER GENERATED HANDLER TABLE

__TI_handler_table @ 000056a8 records: 3, size/record: 4, table size: 12
	index: 0, handler: __TI_decompress_lzss
	index: 1, handler: __TI_decompress_none
	index: 2, handler: __TI_zero_init


GLOBAL SYMBOLS: SORTED ALPHABETICALLY BY Name 

address   name                             
-------   ----                             
200002ba  AVFlag                           
0000534d  C$$EXIT                          
200002b8  Counter                          
20000200  Data                             
200002b4  Distance                         
200002b9  FirstFlag                        
20000294  Floatlat1                        
20000298  Floatlat2                        
2000029c  Floatlon1                        
200002a0  Floatlon2                        
00001711  HGPS_voidInit                    
0000171f  HGPS_voidStart                   
000044d1  HLCD_voidClear                   
000043c7  HLCD_voidInit                    
00004481  HLCD_voidSendChar                
00004431  HLCD_voidSendCommand             
000044e1  HLCD_voidSendString              
00000883  MGPIO_u8GetPinDigitalValue       
0000051d  MGPIO_voidEnablePullUpDown       
0000026d  MGPIO_voidSetPinDigitalDirection 
00000789  MGPIO_voidSetPinDigitalValue     
000009cd  MGPIO_voidSetPortDigitalDirection
00000c3b  MGPIO_voidSetPortDigitalValue    
00000925  MGPIO_voidTogglePinDigitalValue  
000029ad  MUART0_u8SendByte                
00002735  MUART0_voidInit                  
0000296d  MUART0_voidReceiveByte           
00002ae1  MUART0_voidSendString            
00002a1d  MUART0_voidSetCallBack           
000029c9  MUART1_u8SendByte                
000027c3  MUART1_voidInit                  
0000297d  MUART1_voidReceiveByte           
00002b69  MUART1_voidSendString            
00002a2d  MUART1_voidSetCallBack           
000029e5  MUART2_u8SendByte                
00002851  MUART2_voidInit                  
0000298d  MUART2_voidReceiveByte           
00002bf1  MUART2_voidSendString            
00002a3d  MUART2_voidSetCallBack           
00002a01  MUART5_u8SendByte                
000028df  MUART5_voidInit                  
0000299d  MUART5_voidReceiveByte           
00002c89  MUART5_voidSendString            
00002a4d  MUART5_voidSetCallBack           
00002d01  MUART_voidActivatInterrupt       
00002db9  MUART_voidDeactivatInterrupt     
00005335  ResetISR                         
200002a4  UART0_CallBack                   
00002a5d  UART0_Handler                    
200002a8  UART1_CallBack                   
00002a71  UART1_Handler                    
200002ac  UART2_CallBack                   
00002a85  UART2_Handler                    
200002b0  UART5_CallBack                   
00002a99  UART5_Handler                    
20000200  __STACK_END                      
00000200  __STACK_SIZE                     
20000200  __STACK_TOP                      
000056c8  __TI_CINIT_Base                  
000056d8  __TI_CINIT_Limit                 
000056a8  __TI_Handler_Table_Base          
000056b4  __TI_Handler_Table_Limit         
00005201  __TI_auto_init_nobinit_nopinit   
00005105  __TI_decompress_lzss             
00005327  __TI_decompress_none             
ffffffff  __TI_pprof_out_hndl              
ffffffff  __TI_prof_data_size              
ffffffff  __TI_prof_data_start             
00000000  __TI_static_base__               
000052df  __TI_zero_init_nomemset          
00004f11  __aeabi_cdcmpeq                  
00004f11  __aeabi_cdcmple                  
00004f97  __aeabi_cdrcmple                 
00005097  __aeabi_d2f                      
000051b9  __aeabi_d2iz                     
0000421b  __aeabi_dadd                     
00004995  __aeabi_ddiv                     
00004bdd  __aeabi_dmul                     
00004211  __aeabi_dsub                     
00005341  __aeabi_errno_addr               
00005245  __aeabi_f2d                      
000052b1  __aeabi_i2d                      
0000501d  __aeabi_memclr                   
0000501d  __aeabi_memclr4                  
0000501d  __aeabi_memclr8                  
00004e75  __aeabi_memcpy                   
00004e75  __aeabi_memcpy4                  
00004e75  __aeabi_memcpy8                  
0000501f  __aeabi_memset                   
0000501f  __aeabi_memset4                  
0000501f  __aeabi_memset8                  
ffffffff  __binit__                        
ffffffff  __c_args__                       
000046d1  __kernel_cos                     
00001ffd  __kernel_rem_pio2                
0000455d  __kernel_sin                     
UNDEFED   __mpu_init                       
20000000  __stack                          
20000000  __start___llvm_prf_cnts          
20000000  __stop___llvm_prf_cnts           
0000527d  _c_int00_noargs                  
000054a8  _ctypes_                         
UNDEFED   _system_post_cinit               
00005349  _system_pre_init                 
0000534d  abort                            
00003e3d  asin                             
00003e3d  asinl                            
00005315  atof                             
0000516d  atoi                             
ffffffff  binit                            
000052fb  copysign                         
000052fb  copysignl                        
00002e3d  cos                              
00002e3d  cosl                             
200002bc  errno                            
00004cd9  floor                            
00004cd9  floorl                           
00000000  g_pfnVectors                     
20000264  lat1                             
20000270  lat2                             
00004acd  ldexp                            
00004acd  ldexpl                           
2000027c  lon1                             
20000288  lon2                             
00004dd1  main                             
00004e75  memcpy                           
00005025  memset                           
00000d51  pow                              
00000d51  powl                             
00004acd  scalbn                           
00004acd  scalbnl                          
00003419  sin                              
00003419  sinl                             
0000483d  sqrt                             
0000483d  sqrtl                            
000039dd  strtod                           
000039dd  strtold                          


GLOBAL SYMBOLS: SORTED BY Symbol Address 

address   name                             
-------   ----                             
00000000  __TI_static_base__               
00000000  g_pfnVectors                     
00000200  __STACK_SIZE                     
0000026d  MGPIO_voidSetPinDigitalDirection 
0000051d  MGPIO_voidEnablePullUpDown       
00000789  MGPIO_voidSetPinDigitalValue     
00000883  MGPIO_u8GetPinDigitalValue       
00000925  MGPIO_voidTogglePinDigitalValue  
000009cd  MGPIO_voidSetPortDigitalDirection
00000c3b  MGPIO_voidSetPortDigitalValue    
00000d51  pow                              
00000d51  powl                             
00001711  HGPS_voidInit                    
0000171f  HGPS_voidStart                   
00001ffd  __kernel_rem_pio2                
00002735  MUART0_voidInit                  
000027c3  MUART1_voidInit                  
00002851  MUART2_voidInit                  
000028df  MUART5_voidInit                  
0000296d  MUART0_voidReceiveByte           
0000297d  MUART1_voidReceiveByte           
0000298d  MUART2_voidReceiveByte           
0000299d  MUART5_voidReceiveByte           
000029ad  MUART0_u8SendByte                
000029c9  MUART1_u8SendByte                
000029e5  MUART2_u8SendByte                
00002a01  MUART5_u8SendByte                
00002a1d  MUART0_voidSetCallBack           
00002a2d  MUART1_voidSetCallBack           
00002a3d  MUART2_voidSetCallBack           
00002a4d  MUART5_voidSetCallBack           
00002a5d  UART0_Handler                    
00002a71  UART1_Handler                    
00002a85  UART2_Handler                    
00002a99  UART5_Handler                    
00002ae1  MUART0_voidSendString            
00002b69  MUART1_voidSendString            
00002bf1  MUART2_voidSendString            
00002c89  MUART5_voidSendString            
00002d01  MUART_voidActivatInterrupt       
00002db9  MUART_voidDeactivatInterrupt     
00002e3d  cos                              
00002e3d  cosl                             
00003419  sin                              
00003419  sinl                             
000039dd  strtod                           
000039dd  strtold                          
00003e3d  asin                             
00003e3d  asinl                            
00004211  __aeabi_dsub                     
0000421b  __aeabi_dadd                     
000043c7  HLCD_voidInit                    
00004431  HLCD_voidSendCommand             
00004481  HLCD_voidSendChar                
000044d1  HLCD_voidClear                   
000044e1  HLCD_voidSendString              
0000455d  __kernel_sin                     
000046d1  __kernel_cos                     
0000483d  sqrt                             
0000483d  sqrtl                            
00004995  __aeabi_ddiv                     
00004acd  ldexp                            
00004acd  ldexpl                           
00004acd  scalbn                           
00004acd  scalbnl                          
00004bdd  __aeabi_dmul                     
00004cd9  floor                            
00004cd9  floorl                           
00004dd1  main                             
00004e75  __aeabi_memcpy                   
00004e75  __aeabi_memcpy4                  
00004e75  __aeabi_memcpy8                  
00004e75  memcpy                           
00004f11  __aeabi_cdcmpeq                  
00004f11  __aeabi_cdcmple                  
00004f97  __aeabi_cdrcmple                 
0000501d  __aeabi_memclr                   
0000501d  __aeabi_memclr4                  
0000501d  __aeabi_memclr8                  
0000501f  __aeabi_memset                   
0000501f  __aeabi_memset4                  
0000501f  __aeabi_memset8                  
00005025  memset                           
00005097  __aeabi_d2f                      
00005105  __TI_decompress_lzss             
0000516d  atoi                             
000051b9  __aeabi_d2iz                     
00005201  __TI_auto_init_nobinit_nopinit   
00005245  __aeabi_f2d                      
0000527d  _c_int00_noargs                  
000052b1  __aeabi_i2d                      
000052df  __TI_zero_init_nomemset          
000052fb  copysign                         
000052fb  copysignl                        
00005315  atof                             
00005327  __TI_decompress_none             
00005335  ResetISR                         
00005341  __aeabi_errno_addr               
00005349  _system_pre_init                 
0000534d  C$$EXIT                          
0000534d  abort                            
000054a8  _ctypes_                         
000056a8  __TI_Handler_Table_Base          
000056b4  __TI_Handler_Table_Limit         
000056c8  __TI_CINIT_Base                  
000056d8  __TI_CINIT_Limit                 
20000000  __stack                          
20000000  __start___llvm_prf_cnts          
20000000  __stop___llvm_prf_cnts           
20000200  Data                             
20000200  __STACK_END                      
20000200  __STACK_TOP                      
20000264  lat1                             
20000270  lat2                             
2000027c  lon1                             
20000288  lon2                             
20000294  Floatlat1                        
20000298  Floatlat2                        
2000029c  Floatlon1                        
200002a0  Floatlon2                        
200002a4  UART0_CallBack                   
200002a8  UART1_CallBack                   
200002ac  UART2_CallBack                   
200002b0  UART5_CallBack                   
200002b4  Distance                         
200002b8  Counter                          
200002b9  FirstFlag                        
200002ba  AVFlag                           
200002bc  errno                            
ffffffff  __TI_pprof_out_hndl              
ffffffff  __TI_prof_data_size              
ffffffff  __TI_prof_data_start             
ffffffff  __binit__                        
ffffffff  __c_args__                       
ffffffff  binit                            
UNDEFED   __mpu_init                       
UNDEFED   _system_post_cinit               

[137 symbols]
