<?xml version="1.0" encoding="ISO-8859-1" ?>
<link_info>
   <banner>TI ARM Linker PC v20.2.2.LTS</banner>
   <copyright>Copyright (c) 1996-2018 Texas Instruments Incorporated</copyright>
   <link_time>0x60bb847c</link_time>
   <link_errors>0x0</link_errors>
   <output_file>GPS_Project.out</output_file>
   <entry_point>
      <name>_c_int00_noargs</name>
      <address>0x527d</address>
   </entry_point>
   <input_file_list>
      <input_file id="fl-2">
         <path>.\</path>
         <kind>object</kind>
         <file>tm4c123gh6pm_startup_ccs.obj</file>
         <name>tm4c123gh6pm_startup_ccs.obj</name>
      </input_file>
      <input_file id="fl-3">
         <path>.\src\</path>
         <kind>object</kind>
         <file>GPIO_program.obj</file>
         <name>GPIO_program.obj</name>
      </input_file>
      <input_file id="fl-4">
         <path>.\src\</path>
         <kind>object</kind>
         <file>GPS_program.obj</file>
         <name>GPS_program.obj</name>
      </input_file>
      <input_file id="fl-5">
         <path>.\src\</path>
         <kind>object</kind>
         <file>LCD_program.obj</file>
         <name>LCD_program.obj</name>
      </input_file>
      <input_file id="fl-6">
         <path>.\src\</path>
         <kind>object</kind>
         <file>UART_program.obj</file>
         <name>UART_program.obj</name>
      </input_file>
      <input_file id="fl-7">
         <path>.\src\</path>
         <kind>object</kind>
         <file>main.obj</file>
         <name>main.obj</name>
      </input_file>
      <input_file id="fl-b">
         <kind>object</kind>
         <file>&lt;internal&gt;</file>
         <name>&lt;internal&gt;</name>
      </input_file>
      <input_file id="fl-c1">
         <path>C:\ti\ccs1020\ccs\tools\compiler\ti-cgt-arm_20.2.2.LTS\lib\</path>
         <kind>archive</kind>
         <file>rtsv7M4_T_le_v4SPD16_eabi.lib</file>
         <name>e_asin.c.obj</name>
      </input_file>
      <input_file id="fl-c2">
         <path>C:\ti\ccs1020\ccs\tools\compiler\ti-cgt-arm_20.2.2.LTS\lib\</path>
         <kind>archive</kind>
         <file>rtsv7M4_T_le_v4SPD16_eabi.lib</file>
         <name>e_pow.c.obj</name>
      </input_file>
      <input_file id="fl-c3">
         <path>C:\ti\ccs1020\ccs\tools\compiler\ti-cgt-arm_20.2.2.LTS\lib\</path>
         <kind>archive</kind>
         <file>rtsv7M4_T_le_v4SPD16_eabi.lib</file>
         <name>e_sqrt.c.obj</name>
      </input_file>
      <input_file id="fl-c4">
         <path>C:\ti\ccs1020\ccs\tools\compiler\ti-cgt-arm_20.2.2.LTS\lib\</path>
         <kind>archive</kind>
         <file>rtsv7M4_T_le_v4SPD16_eabi.lib</file>
         <name>s_cos.c.obj</name>
      </input_file>
      <input_file id="fl-c5">
         <path>C:\ti\ccs1020\ccs\tools\compiler\ti-cgt-arm_20.2.2.LTS\lib\</path>
         <kind>archive</kind>
         <file>rtsv7M4_T_le_v4SPD16_eabi.lib</file>
         <name>s_scalbn.c.obj</name>
      </input_file>
      <input_file id="fl-c6">
         <path>C:\ti\ccs1020\ccs\tools\compiler\ti-cgt-arm_20.2.2.LTS\lib\</path>
         <kind>archive</kind>
         <file>rtsv7M4_T_le_v4SPD16_eabi.lib</file>
         <name>s_sin.c.obj</name>
      </input_file>
      <input_file id="fl-c7">
         <path>C:\ti\ccs1020\ccs\tools\compiler\ti-cgt-arm_20.2.2.LTS\lib\</path>
         <kind>archive</kind>
         <file>rtsv7M4_T_le_v4SPD16_eabi.lib</file>
         <name>s_copysign.c.obj</name>
      </input_file>
      <input_file id="fl-c8">
         <path>C:\ti\ccs1020\ccs\tools\compiler\ti-cgt-arm_20.2.2.LTS\lib\</path>
         <kind>archive</kind>
         <file>rtsv7M4_T_le_v4SPD16_eabi.lib</file>
         <name>fd_add_t2.asm.obj</name>
      </input_file>
      <input_file id="fl-c9">
         <path>C:\ti\ccs1020\ccs\tools\compiler\ti-cgt-arm_20.2.2.LTS\lib\</path>
         <kind>archive</kind>
         <file>rtsv7M4_T_le_v4SPD16_eabi.lib</file>
         <name>fd_cmp_t2.asm.obj</name>
      </input_file>
      <input_file id="fl-ca">
         <path>C:\ti\ccs1020\ccs\tools\compiler\ti-cgt-arm_20.2.2.LTS\lib\</path>
         <kind>archive</kind>
         <file>rtsv7M4_T_le_v4SPD16_eabi.lib</file>
         <name>fd_div_t2.asm.obj</name>
      </input_file>
      <input_file id="fl-cb">
         <path>C:\ti\ccs1020\ccs\tools\compiler\ti-cgt-arm_20.2.2.LTS\lib\</path>
         <kind>archive</kind>
         <file>rtsv7M4_T_le_v4SPD16_eabi.lib</file>
         <name>fd_mul_t2.asm.obj</name>
      </input_file>
      <input_file id="fl-cc">
         <path>C:\ti\ccs1020\ccs\tools\compiler\ti-cgt-arm_20.2.2.LTS\lib\</path>
         <kind>archive</kind>
         <file>rtsv7M4_T_le_v4SPD16_eabi.lib</file>
         <name>fd_toi_t2.asm.obj</name>
      </input_file>
      <input_file id="fl-cd">
         <path>C:\ti\ccs1020\ccs\tools\compiler\ti-cgt-arm_20.2.2.LTS\lib\</path>
         <kind>archive</kind>
         <file>rtsv7M4_T_le_v4SPD16_eabi.lib</file>
         <name>fd_tos_t2.asm.obj</name>
      </input_file>
      <input_file id="fl-ce">
         <path>C:\ti\ccs1020\ccs\tools\compiler\ti-cgt-arm_20.2.2.LTS\lib\</path>
         <kind>archive</kind>
         <file>rtsv7M4_T_le_v4SPD16_eabi.lib</file>
         <name>fs_tod_t2.asm.obj</name>
      </input_file>
      <input_file id="fl-cf">
         <path>C:\ti\ccs1020\ccs\tools\compiler\ti-cgt-arm_20.2.2.LTS\lib\</path>
         <kind>archive</kind>
         <file>rtsv7M4_T_le_v4SPD16_eabi.lib</file>
         <name>i_tofd_t2.asm.obj</name>
      </input_file>
      <input_file id="fl-d0">
         <path>C:\ti\ccs1020\ccs\tools\compiler\ti-cgt-arm_20.2.2.LTS\lib\</path>
         <kind>archive</kind>
         <file>rtsv7M4_T_le_v4SPD16_eabi.lib</file>
         <name>memset_t2.asm.obj</name>
      </input_file>
      <input_file id="fl-d1">
         <path>C:\ti\ccs1020\ccs\tools\compiler\ti-cgt-arm_20.2.2.LTS\lib\</path>
         <kind>archive</kind>
         <file>rtsv7M4_T_le_v4SPD16_eabi.lib</file>
         <name>copy_zero_init.c.obj</name>
      </input_file>
      <input_file id="fl-d2">
         <path>C:\ti\ccs1020\ccs\tools\compiler\ti-cgt-arm_20.2.2.LTS\lib\</path>
         <kind>archive</kind>
         <file>rtsv7M4_T_le_v4SPD16_eabi.lib</file>
         <name>copy_decompress_none.c.obj</name>
      </input_file>
      <input_file id="fl-d3">
         <path>C:\ti\ccs1020\ccs\tools\compiler\ti-cgt-arm_20.2.2.LTS\lib\</path>
         <kind>archive</kind>
         <file>rtsv7M4_T_le_v4SPD16_eabi.lib</file>
         <name>copy_decompress_lzss.c.obj</name>
      </input_file>
      <input_file id="fl-d4">
         <path>C:\ti\ccs1020\ccs\tools\compiler\ti-cgt-arm_20.2.2.LTS\lib\</path>
         <kind>archive</kind>
         <file>rtsv7M4_T_le_v4SPD16_eabi.lib</file>
         <name>k_rem_pio2.c.obj</name>
      </input_file>
      <input_file id="fl-d5">
         <path>C:\ti\ccs1020\ccs\tools\compiler\ti-cgt-arm_20.2.2.LTS\lib\</path>
         <kind>archive</kind>
         <file>rtsv7M4_T_le_v4SPD16_eabi.lib</file>
         <name>atof.c.obj</name>
      </input_file>
      <input_file id="fl-d6">
         <path>C:\ti\ccs1020\ccs\tools\compiler\ti-cgt-arm_20.2.2.LTS\lib\</path>
         <kind>archive</kind>
         <file>rtsv7M4_T_le_v4SPD16_eabi.lib</file>
         <name>atoi.c.obj</name>
      </input_file>
      <input_file id="fl-d7">
         <path>C:\ti\ccs1020\ccs\tools\compiler\ti-cgt-arm_20.2.2.LTS\lib\</path>
         <kind>archive</kind>
         <file>rtsv7M4_T_le_v4SPD16_eabi.lib</file>
         <name>ctype.c.obj</name>
      </input_file>
      <input_file id="fl-d8">
         <path>C:\ti\ccs1020\ccs\tools\compiler\ti-cgt-arm_20.2.2.LTS\lib\</path>
         <kind>archive</kind>
         <file>rtsv7M4_T_le_v4SPD16_eabi.lib</file>
         <name>strtod.c.obj</name>
      </input_file>
      <input_file id="fl-d9">
         <path>C:\ti\ccs1020\ccs\tools\compiler\ti-cgt-arm_20.2.2.LTS\lib\</path>
         <kind>archive</kind>
         <file>rtsv7M4_T_le_v4SPD16_eabi.lib</file>
         <name>boot_cortex_m.c.obj</name>
      </input_file>
      <input_file id="fl-da">
         <path>C:\ti\ccs1020\ccs\tools\compiler\ti-cgt-arm_20.2.2.LTS\lib\</path>
         <kind>archive</kind>
         <file>rtsv7M4_T_le_v4SPD16_eabi.lib</file>
         <name>errno.c.obj</name>
      </input_file>
      <input_file id="fl-db">
         <path>C:\ti\ccs1020\ccs\tools\compiler\ti-cgt-arm_20.2.2.LTS\lib\</path>
         <kind>archive</kind>
         <file>rtsv7M4_T_le_v4SPD16_eabi.lib</file>
         <name>k_cos.c.obj</name>
      </input_file>
      <input_file id="fl-dc">
         <path>C:\ti\ccs1020\ccs\tools\compiler\ti-cgt-arm_20.2.2.LTS\lib\</path>
         <kind>archive</kind>
         <file>rtsv7M4_T_le_v4SPD16_eabi.lib</file>
         <name>k_sin.c.obj</name>
      </input_file>
      <input_file id="fl-dd">
         <path>C:\ti\ccs1020\ccs\tools\compiler\ti-cgt-arm_20.2.2.LTS\lib\</path>
         <kind>archive</kind>
         <file>rtsv7M4_T_le_v4SPD16_eabi.lib</file>
         <name>s_floor.c.obj</name>
      </input_file>
      <input_file id="fl-de">
         <path>C:\ti\ccs1020\ccs\tools\compiler\ti-cgt-arm_20.2.2.LTS\lib\</path>
         <kind>archive</kind>
         <file>rtsv7M4_T_le_v4SPD16_eabi.lib</file>
         <name>memcpy_t2.asm.obj</name>
      </input_file>
      <input_file id="fl-df">
         <path>C:\ti\ccs1020\ccs\tools\compiler\ti-cgt-arm_20.2.2.LTS\lib\</path>
         <kind>archive</kind>
         <file>rtsv7M4_T_le_v4SPD16_eabi.lib</file>
         <name>autoinit.c.obj</name>
      </input_file>
      <input_file id="fl-e0">
         <path>C:\ti\ccs1020\ccs\tools\compiler\ti-cgt-arm_20.2.2.LTS\lib\</path>
         <kind>archive</kind>
         <file>rtsv7M4_T_le_v4SPD16_eabi.lib</file>
         <name>pre_init.c.obj</name>
      </input_file>
      <input_file id="fl-e1">
         <path>C:\ti\ccs1020\ccs\tools\compiler\ti-cgt-arm_20.2.2.LTS\lib\</path>
         <kind>archive</kind>
         <file>rtsv7M4_T_le_v4SPD16_eabi.lib</file>
         <name>cpy_tbl.c.obj</name>
      </input_file>
      <input_file id="fl-e2">
         <path>C:\ti\ccs1020\ccs\tools\compiler\ti-cgt-arm_20.2.2.LTS\lib\</path>
         <kind>archive</kind>
         <file>rtsv7M4_T_le_v4SPD16_eabi.lib</file>
         <name>exit.c.obj</name>
      </input_file>
      <input_file id="fl-e3">
         <path>C:\ti\ccs1020\ccs\tools\compiler\ti-cgt-arm_20.2.2.LTS\lib\</path>
         <kind>archive</kind>
         <file>rtsv7M4_T_le_v4SPD16_eabi.lib</file>
         <name>_lock.c.obj</name>
      </input_file>
      <input_file id="fl-e4">
         <path>C:\ti\ccs1020\ccs\tools\compiler\ti-cgt-arm_20.2.2.LTS\lib\</path>
         <kind>archive</kind>
         <file>rtsv7M4_T_le_v4SPD16_eabi.lib</file>
         <name>args_main.c.obj</name>
      </input_file>
   </input_file_list>
   <object_component_list>
      <object_component id="oc-12">
         <name>.intvecs</name>
         <load_address>0x0</load_address>
         <run_address>0x0</run_address>
         <size>0x26c</size>
         <input_file_ref idref="fl-2"/>
      </object_component>
      <object_component id="oc-d6">
         <name>.text</name>
         <load_address>0x26c</load_address>
         <run_address>0x26c</run_address>
         <size>0xae4</size>
         <input_file_ref idref="fl-3"/>
      </object_component>
      <object_component id="oc-163">
         <name>.text:pow</name>
         <load_address>0xd50</load_address>
         <run_address>0xd50</run_address>
         <size>0x9c0</size>
         <input_file_ref idref="fl-c2"/>
      </object_component>
      <object_component id="oc-e2">
         <name>.text</name>
         <load_address>0x1710</load_address>
         <run_address>0x1710</run_address>
         <size>0x8ec</size>
         <input_file_ref idref="fl-4"/>
      </object_component>
      <object_component id="oc-1c9">
         <name>.text:__kernel_rem_pio2</name>
         <load_address>0x1ffc</load_address>
         <run_address>0x1ffc</run_address>
         <size>0x738</size>
         <input_file_ref idref="fl-d4"/>
      </object_component>
      <object_component id="oc-2d">
         <name>.text</name>
         <load_address>0x2734</load_address>
         <run_address>0x2734</run_address>
         <size>0x708</size>
         <input_file_ref idref="fl-6"/>
      </object_component>
      <object_component id="oc-169">
         <name>.text:cos</name>
         <load_address>0x2e3c</load_address>
         <run_address>0x2e3c</run_address>
         <size>0x5dc</size>
         <input_file_ref idref="fl-c4"/>
      </object_component>
      <object_component id="oc-15d">
         <name>.text:sin</name>
         <load_address>0x3418</load_address>
         <run_address>0x3418</run_address>
         <size>0x5c4</size>
         <input_file_ref idref="fl-c6"/>
      </object_component>
      <object_component id="oc-1ac">
         <name>.text:strtod</name>
         <load_address>0x39dc</load_address>
         <run_address>0x39dc</run_address>
         <size>0x460</size>
         <input_file_ref idref="fl-d8"/>
      </object_component>
      <object_component id="oc-17a">
         <name>.text:asin</name>
         <load_address>0x3e3c</load_address>
         <run_address>0x3e3c</run_address>
         <size>0x3d4</size>
         <input_file_ref idref="fl-c1"/>
      </object_component>
      <object_component id="oc-158">
         <name>.text</name>
         <load_address>0x4210</load_address>
         <run_address>0x4210</run_address>
         <size>0x1b6</size>
         <input_file_ref idref="fl-c8"/>
      </object_component>
      <object_component id="oc-dc">
         <name>.text</name>
         <load_address>0x43c6</load_address>
         <run_address>0x43c6</run_address>
         <size>0x196</size>
         <input_file_ref idref="fl-5"/>
      </object_component>
      <object_component id="oc-1be">
         <name>.text:__kernel_sin</name>
         <load_address>0x455c</load_address>
         <run_address>0x455c</run_address>
         <size>0x174</size>
         <input_file_ref idref="fl-dc"/>
      </object_component>
      <object_component id="oc-1cf">
         <name>.text:__kernel_cos</name>
         <load_address>0x46d0</load_address>
         <run_address>0x46d0</run_address>
         <size>0x16c</size>
         <input_file_ref idref="fl-db"/>
      </object_component>
      <object_component id="oc-174">
         <name>.text:sqrt</name>
         <load_address>0x483c</load_address>
         <run_address>0x483c</run_address>
         <size>0x158</size>
         <input_file_ref idref="fl-c3"/>
      </object_component>
      <object_component id="oc-153">
         <name>.text</name>
         <load_address>0x4994</load_address>
         <run_address>0x4994</run_address>
         <size>0x136</size>
         <input_file_ref idref="fl-ca"/>
      </object_component>
      <object_component id="oc-1ea">
         <name>.text:scalbn</name>
         <load_address>0x4acc</load_address>
         <run_address>0x4acc</run_address>
         <size>0x110</size>
         <input_file_ref idref="fl-c5"/>
      </object_component>
      <object_component id="oc-16f">
         <name>.text</name>
         <load_address>0x4bdc</load_address>
         <run_address>0x4bdc</run_address>
         <size>0xfc</size>
         <input_file_ref idref="fl-cb"/>
      </object_component>
      <object_component id="oc-22c">
         <name>.text:floor</name>
         <load_address>0x4cd8</load_address>
         <run_address>0x4cd8</run_address>
         <size>0xf8</size>
         <input_file_ref idref="fl-dd"/>
      </object_component>
      <object_component id="oc-ad">
         <name>.text</name>
         <load_address>0x4dd0</load_address>
         <run_address>0x4dd0</run_address>
         <size>0xa4</size>
         <input_file_ref idref="fl-7"/>
      </object_component>
      <object_component id="oc-41">
         <name>.text</name>
         <load_address>0x4e74</load_address>
         <run_address>0x4e74</run_address>
         <size>0x9c</size>
         <input_file_ref idref="fl-de"/>
      </object_component>
      <object_component id="oc-1c4">
         <name>.text:__aeabi_cdcmple</name>
         <load_address>0x4f10</load_address>
         <run_address>0x4f10</run_address>
         <size>0x86</size>
         <input_file_ref idref="fl-c9"/>
      </object_component>
      <object_component id="oc-1e5">
         <name>.text:__aeabi_cdrcmple</name>
         <load_address>0x4f96</load_address>
         <run_address>0x4f96</run_address>
         <size>0x86</size>
         <input_file_ref idref="fl-c9"/>
      </object_component>
      <object_component id="oc-a1">
         <name>.text</name>
         <load_address>0x501c</load_address>
         <run_address>0x501c</run_address>
         <size>0x7a</size>
         <input_file_ref idref="fl-d0"/>
      </object_component>
      <object_component id="oc-144">
         <name>.text</name>
         <load_address>0x5096</load_address>
         <run_address>0x5096</run_address>
         <size>0x6e</size>
         <input_file_ref idref="fl-cd"/>
      </object_component>
      <object_component id="oc-15">
         <name>.text:decompress:lzss:__TI_decompress_lzss</name>
         <load_address>0x5104</load_address>
         <run_address>0x5104</run_address>
         <size>0x68</size>
         <input_file_ref idref="fl-d3"/>
      </object_component>
      <object_component id="oc-138">
         <name>.text:atoi</name>
         <load_address>0x516c</load_address>
         <run_address>0x516c</run_address>
         <size>0x4c</size>
         <input_file_ref idref="fl-d6"/>
      </object_component>
      <object_component id="oc-1b9">
         <name>.text</name>
         <load_address>0x51b8</load_address>
         <run_address>0x51b8</run_address>
         <size>0x48</size>
         <input_file_ref idref="fl-cc"/>
      </object_component>
      <object_component id="oc-f8">
         <name>.text:__TI_auto_init_nobinit_nopinit:__TI_auto_init_nobinit_nopinit</name>
         <load_address>0x5200</load_address>
         <run_address>0x5200</run_address>
         <size>0x44</size>
         <input_file_ref idref="fl-df"/>
      </object_component>
      <object_component id="oc-14e">
         <name>.text</name>
         <load_address>0x5244</load_address>
         <run_address>0x5244</run_address>
         <size>0x38</size>
         <input_file_ref idref="fl-ce"/>
      </object_component>
      <object_component id="oc-5f">
         <name>.text:_c_int00_noargs:_c_int00_noargs</name>
         <load_address>0x527c</load_address>
         <run_address>0x527c</run_address>
         <size>0x34</size>
         <input_file_ref idref="fl-d9"/>
      </object_component>
      <object_component id="oc-149">
         <name>.text</name>
         <load_address>0x52b0</load_address>
         <run_address>0x52b0</run_address>
         <size>0x2e</size>
         <input_file_ref idref="fl-cf"/>
      </object_component>
      <object_component id="oc-4d">
         <name>.text:decompress:ZI:__TI_zero_init_nomemset:__TI_zero_init_nomemset</name>
         <load_address>0x52de</load_address>
         <run_address>0x52de</run_address>
         <size>0x1c</size>
         <input_file_ref idref="fl-d1"/>
      </object_component>
      <object_component id="oc-24e">
         <name>.text:copysign</name>
         <load_address>0x52fa</load_address>
         <run_address>0x52fa</run_address>
         <size>0x1a</size>
         <input_file_ref idref="fl-c7"/>
      </object_component>
      <object_component id="oc-13e">
         <name>.text:atof</name>
         <load_address>0x5314</load_address>
         <run_address>0x5314</run_address>
         <size>0x12</size>
         <input_file_ref idref="fl-d5"/>
      </object_component>
      <object_component id="oc-1b">
         <name>.text:decompress:none:__TI_decompress_none</name>
         <load_address>0x5326</load_address>
         <run_address>0x5326</run_address>
         <size>0xe</size>
         <input_file_ref idref="fl-d2"/>
      </object_component>
      <object_component id="oc-27">
         <name>.text</name>
         <load_address>0x5334</load_address>
         <run_address>0x5334</run_address>
         <size>0xc</size>
         <input_file_ref idref="fl-2"/>
      </object_component>
      <object_component id="oc-1dc">
         <name>.text:__aeabi_errno_addr</name>
         <load_address>0x5340</load_address>
         <run_address>0x5340</run_address>
         <size>0x8</size>
         <input_file_ref idref="fl-da"/>
      </object_component>
      <object_component id="oc-a7">
         <name>.text:_system_pre_init</name>
         <load_address>0x5348</load_address>
         <run_address>0x5348</run_address>
         <size>0x4</size>
         <input_file_ref idref="fl-e0"/>
      </object_component>
      <object_component id="oc-ec">
         <name>.text:abort:abort</name>
         <load_address>0x534c</load_address>
         <run_address>0x534c</run_address>
         <size>0x4</size>
         <input_file_ref idref="fl-e2"/>
      </object_component>
      <object_component id="oc-232">
         <name>.const:$O1$$</name>
         <load_address>0x5350</load_address>
         <run_address>0x5350</run_address>
         <size>0x158</size>
         <input_file_ref idref="fl-d4"/>
      </object_component>
      <object_component id="oc-1a7">
         <name>.const:.string:_ctypes_</name>
         <load_address>0x54a8</load_address>
         <run_address>0x54a8</run_address>
         <size>0x101</size>
         <input_file_ref idref="fl-d7"/>
      </object_component>
      <object_component id="oc-220">
         <name>.const:$O1$$</name>
         <load_address>0x55b0</load_address>
         <run_address>0x55b0</run_address>
         <size>0xc8</size>
         <input_file_ref idref="fl-d8"/>
      </object_component>
      <object_component id="oc-1e2">
         <name>.const:$O1$$</name>
         <load_address>0x5678</load_address>
         <run_address>0x5678</run_address>
         <size>0x30</size>
         <input_file_ref idref="fl-c2"/>
      </object_component>
      <object_component id="oc-2b4">
         <name>__TI_handler_table</name>
         <load_address>0x56a8</load_address>
         <run_address>0x56a8</run_address>
         <size>0xc</size>
      </object_component>
      <object_component id="oc-2b7">
         <name>.cinit..bss.load</name>
         <load_address>0x56b8</load_address>
         <run_address>0x56b8</run_address>
         <size>0x8</size>
      </object_component>
      <object_component id="oc-2b6">
         <name>.cinit..data.load</name>
         <load_address>0x56c0</load_address>
         <run_address>0x56c0</run_address>
         <size>0x7</size>
      </object_component>
      <object_component id="oc-2b5">
         <name>__TI_cinit_table</name>
         <load_address>0x56c8</load_address>
         <run_address>0x56c8</run_address>
         <size>0x10</size>
      </object_component>
      <object_component id="oc-e8">
         <name>.data</name>
         <load_address>0x200002b4</load_address>
         <run_address>0x200002b4</run_address>
         <size>0x7</size>
         <input_file_ref idref="fl-4"/>
      </object_component>
      <object_component id="oc-246">
         <name>.data</name>
         <load_address>0x200002bc</load_address>
         <run_address>0x200002bc</run_address>
         <size>0x4</size>
         <input_file_ref idref="fl-da"/>
      </object_component>
      <object_component id="oc-12d">
         <name>.common:Data</name>
         <uninitialized>true</uninitialized>
         <run_address>0x20000200</run_address>
         <size>0x64</size>
      </object_component>
      <object_component id="oc-136">
         <name>.common:lon1</name>
         <uninitialized>true</uninitialized>
         <run_address>0x2000027c</run_address>
         <size>0xc</size>
      </object_component>
      <object_component id="oc-135">
         <name>.common:lat1</name>
         <uninitialized>true</uninitialized>
         <run_address>0x20000264</run_address>
         <size>0xc</size>
      </object_component>
      <object_component id="oc-134">
         <name>.common:lon2</name>
         <uninitialized>true</uninitialized>
         <run_address>0x20000288</run_address>
         <size>0xc</size>
      </object_component>
      <object_component id="oc-137">
         <name>.common:lat2</name>
         <uninitialized>true</uninitialized>
         <run_address>0x20000270</run_address>
         <size>0xc</size>
      </object_component>
      <object_component id="oc-131">
         <name>.common:Floatlon1</name>
         <uninitialized>true</uninitialized>
         <run_address>0x2000029c</run_address>
         <size>0x4</size>
      </object_component>
      <object_component id="oc-130">
         <name>.common:Floatlat1</name>
         <uninitialized>true</uninitialized>
         <run_address>0x20000294</run_address>
         <size>0x4</size>
      </object_component>
      <object_component id="oc-133">
         <name>.common:Floatlon2</name>
         <uninitialized>true</uninitialized>
         <run_address>0x200002a0</run_address>
         <size>0x4</size>
      </object_component>
      <object_component id="oc-132">
         <name>.common:Floatlat2</name>
         <uninitialized>true</uninitialized>
         <run_address>0x20000298</run_address>
         <size>0x4</size>
      </object_component>
      <object_component id="oc-74">
         <name>.common:UART0_CallBack</name>
         <uninitialized>true</uninitialized>
         <run_address>0x200002a4</run_address>
         <size>0x4</size>
      </object_component>
      <object_component id="oc-77">
         <name>.common:UART1_CallBack</name>
         <uninitialized>true</uninitialized>
         <run_address>0x200002a8</run_address>
         <size>0x4</size>
      </object_component>
      <object_component id="oc-78">
         <name>.common:UART2_CallBack</name>
         <uninitialized>true</uninitialized>
         <run_address>0x200002ac</run_address>
         <size>0x4</size>
      </object_component>
      <object_component id="oc-79">
         <name>.common:UART5_CallBack</name>
         <uninitialized>true</uninitialized>
         <run_address>0x200002b0</run_address>
         <size>0x4</size>
      </object_component>
      <object_component id="oc-24">
         <name>.stack</name>
         <uninitialized>true</uninitialized>
         <run_address>0x20000000</run_address>
         <size>0x4</size>
         <input_file_ref idref="fl-d9"/>
      </object_component>
      <object_component id="oc-2b9">
         <name>.stack</name>
         <uninitialized>true</uninitialized>
         <run_address>0x20000000</run_address>
         <size>0x0</size>
      </object_component>
      <object_component id="oc-35">
         <name>.debug_info</name>
         <load_address>0x0</load_address>
         <run_address>0x0</run_address>
         <size>0x344</size>
         <input_file_ref idref="fl-2"/>
      </object_component>
      <object_component id="oc-13">
         <name>.debug_info</name>
         <load_address>0x344</load_address>
         <run_address>0x344</run_address>
         <size>0xfb</size>
         <input_file_ref idref="fl-2"/>
      </object_component>
      <object_component id="oc-28">
         <name>.debug_info</name>
         <load_address>0x43f</load_address>
         <run_address>0x43f</run_address>
         <size>0x277</size>
         <input_file_ref idref="fl-2"/>
      </object_component>
      <object_component id="oc-82">
         <name>.debug_info</name>
         <load_address>0x6b6</load_address>
         <run_address>0x6b6</run_address>
         <size>0x26b</size>
         <input_file_ref idref="fl-2"/>
      </object_component>
      <object_component id="oc-3c">
         <name>.debug_info</name>
         <load_address>0x921</load_address>
         <run_address>0x921</run_address>
         <size>0x84</size>
         <input_file_ref idref="fl-2"/>
      </object_component>
      <object_component id="oc-c1">
         <name>.debug_info</name>
         <load_address>0x9a5</load_address>
         <run_address>0x9a5</run_address>
         <size>0x2a4</size>
         <input_file_ref idref="fl-2"/>
      </object_component>
      <object_component id="oc-87">
         <name>.debug_info</name>
         <load_address>0xc49</load_address>
         <run_address>0xc49</run_address>
         <size>0xbb</size>
         <input_file_ref idref="fl-2"/>
      </object_component>
      <object_component id="oc-d7">
         <name>.debug_info</name>
         <load_address>0xd04</load_address>
         <run_address>0xd04</run_address>
         <size>0x99a</size>
         <input_file_ref idref="fl-3"/>
      </object_component>
      <object_component id="oc-7b">
         <name>.debug_info</name>
         <load_address>0x169e</load_address>
         <run_address>0x169e</run_address>
         <size>0xae</size>
         <input_file_ref idref="fl-3"/>
      </object_component>
      <object_component id="oc-12e">
         <name>.debug_info</name>
         <load_address>0x174c</load_address>
         <run_address>0x174c</run_address>
         <size>0x687</size>
         <input_file_ref idref="fl-4"/>
      </object_component>
      <object_component id="oc-e9">
         <name>.debug_info</name>
         <load_address>0x1dd3</load_address>
         <run_address>0x1dd3</run_address>
         <size>0x149</size>
         <input_file_ref idref="fl-4"/>
      </object_component>
      <object_component id="oc-e3">
         <name>.debug_info</name>
         <load_address>0x1f1c</load_address>
         <run_address>0x1f1c</run_address>
         <size>0xc48</size>
         <input_file_ref idref="fl-4"/>
      </object_component>
      <object_component id="oc-12c">
         <name>.debug_info</name>
         <load_address>0x2b64</load_address>
         <run_address>0x2b64</run_address>
         <size>0x3db</size>
         <input_file_ref idref="fl-5"/>
      </object_component>
      <object_component id="oc-dd">
         <name>.debug_info</name>
         <load_address>0x2f3f</load_address>
         <run_address>0x2f3f</run_address>
         <size>0x811</size>
         <input_file_ref idref="fl-5"/>
      </object_component>
      <object_component id="oc-75">
         <name>.debug_info</name>
         <load_address>0x3750</load_address>
         <run_address>0x3750</run_address>
         <size>0x343</size>
         <input_file_ref idref="fl-6"/>
      </object_component>
      <object_component id="oc-2e">
         <name>.debug_info</name>
         <load_address>0x3a93</load_address>
         <run_address>0x3a93</run_address>
         <size>0x11d5</size>
         <input_file_ref idref="fl-6"/>
      </object_component>
      <object_component id="oc-ae">
         <name>.debug_info</name>
         <load_address>0x4c68</load_address>
         <run_address>0x4c68</run_address>
         <size>0x2eb</size>
         <input_file_ref idref="fl-7"/>
      </object_component>
      <object_component id="oc-cd">
         <name>.debug_info</name>
         <load_address>0x4f53</load_address>
         <run_address>0x4f53</run_address>
         <size>0x2c</size>
         <input_file_ref idref="fl-7"/>
      </object_component>
      <object_component id="oc-1f9">
         <name>.debug_info</name>
         <load_address>0x4f7f</load_address>
         <run_address>0x4f7f</run_address>
         <size>0x2e9</size>
         <input_file_ref idref="fl-c1"/>
      </object_component>
      <object_component id="oc-17e">
         <name>.debug_info</name>
         <load_address>0x5268</load_address>
         <run_address>0x5268</run_address>
         <size>0x6a4</size>
         <input_file_ref idref="fl-c1"/>
      </object_component>
      <object_component id="oc-241">
         <name>.debug_info</name>
         <load_address>0x590c</load_address>
         <run_address>0x590c</run_address>
         <size>0x46</size>
         <input_file_ref idref="fl-c1"/>
      </object_component>
      <object_component id="oc-1d7">
         <name>.debug_info</name>
         <load_address>0x5952</load_address>
         <run_address>0x5952</run_address>
         <size>0x39</size>
         <input_file_ref idref="fl-c1"/>
      </object_component>
      <object_component id="oc-1f1">
         <name>.debug_info</name>
         <load_address>0x598b</load_address>
         <run_address>0x598b</run_address>
         <size>0x363</size>
         <input_file_ref idref="fl-c2"/>
      </object_component>
      <object_component id="oc-1e3">
         <name>.debug_info</name>
         <load_address>0x5cee</load_address>
         <run_address>0x5cee</run_address>
         <size>0x128</size>
         <input_file_ref idref="fl-c2"/>
      </object_component>
      <object_component id="oc-165">
         <name>.debug_info</name>
         <load_address>0x5e16</load_address>
         <run_address>0x5e16</run_address>
         <size>0xbdf</size>
         <input_file_ref idref="fl-c2"/>
      </object_component>
      <object_component id="oc-1f7">
         <name>.debug_info</name>
         <load_address>0x69f5</load_address>
         <run_address>0x69f5</run_address>
         <size>0x2ca</size>
         <input_file_ref idref="fl-c3"/>
      </object_component>
      <object_component id="oc-176">
         <name>.debug_info</name>
         <load_address>0x6cbf</load_address>
         <run_address>0x6cbf</run_address>
         <size>0x24e</size>
         <input_file_ref idref="fl-c3"/>
      </object_component>
      <object_component id="oc-1f4">
         <name>.debug_info</name>
         <load_address>0x6f0d</load_address>
         <run_address>0x6f0d</run_address>
         <size>0x366</size>
         <input_file_ref idref="fl-c4"/>
      </object_component>
      <object_component id="oc-16b">
         <name>.debug_info</name>
         <load_address>0x7273</load_address>
         <run_address>0x7273</run_address>
         <size>0x79b</size>
         <input_file_ref idref="fl-c4"/>
      </object_component>
      <object_component id="oc-255">
         <name>.debug_info</name>
         <load_address>0x7a0e</load_address>
         <run_address>0x7a0e</run_address>
         <size>0x2fd</size>
         <input_file_ref idref="fl-c5"/>
      </object_component>
      <object_component id="oc-1ec">
         <name>.debug_info</name>
         <load_address>0x7d0b</load_address>
         <run_address>0x7d0b</run_address>
         <size>0x225</size>
         <input_file_ref idref="fl-c5"/>
      </object_component>
      <object_component id="oc-27b">
         <name>.debug_info</name>
         <load_address>0x7f30</load_address>
         <run_address>0x7f30</run_address>
         <size>0x39</size>
         <input_file_ref idref="fl-c5"/>
      </object_component>
      <object_component id="oc-238">
         <name>.debug_info</name>
         <load_address>0x7f69</load_address>
         <run_address>0x7f69</run_address>
         <size>0x2c</size>
         <input_file_ref idref="fl-c5"/>
      </object_component>
      <object_component id="oc-1d6">
         <name>.debug_info</name>
         <load_address>0x7f95</load_address>
         <run_address>0x7f95</run_address>
         <size>0x366</size>
         <input_file_ref idref="fl-c6"/>
      </object_component>
      <object_component id="oc-15f">
         <name>.debug_info</name>
         <load_address>0x82fb</load_address>
         <run_address>0x82fb</run_address>
         <size>0x796</size>
         <input_file_ref idref="fl-c6"/>
      </object_component>
      <object_component id="oc-250">
         <name>.debug_info</name>
         <load_address>0x8a91</load_address>
         <run_address>0x8a91</run_address>
         <size>0x161</size>
         <input_file_ref idref="fl-c7"/>
      </object_component>
      <object_component id="oc-159">
         <name>.debug_info</name>
         <load_address>0x8bf2</load_address>
         <run_address>0x8bf2</run_address>
         <size>0x14c</size>
         <input_file_ref idref="fl-c8"/>
      </object_component>
      <object_component id="oc-1c6">
         <name>.debug_info</name>
         <load_address>0x8d3e</load_address>
         <run_address>0x8d3e</run_address>
         <size>0x128</size>
         <input_file_ref idref="fl-c9"/>
      </object_component>
      <object_component id="oc-1e8">
         <name>.debug_info</name>
         <load_address>0x8e66</load_address>
         <run_address>0x8e66</run_address>
         <size>0x12a</size>
         <input_file_ref idref="fl-c9"/>
      </object_component>
      <object_component id="oc-154">
         <name>.debug_info</name>
         <load_address>0x8f90</load_address>
         <run_address>0x8f90</run_address>
         <size>0x13a</size>
         <input_file_ref idref="fl-ca"/>
      </object_component>
      <object_component id="oc-170">
         <name>.debug_info</name>
         <load_address>0x90ca</load_address>
         <run_address>0x90ca</run_address>
         <size>0x13a</size>
         <input_file_ref idref="fl-cb"/>
      </object_component>
      <object_component id="oc-1bb">
         <name>.debug_info</name>
         <load_address>0x9204</load_address>
         <run_address>0x9204</run_address>
         <size>0x12e</size>
         <input_file_ref idref="fl-cc"/>
      </object_component>
      <object_component id="oc-145">
         <name>.debug_info</name>
         <load_address>0x9332</load_address>
         <run_address>0x9332</run_address>
         <size>0x13e</size>
         <input_file_ref idref="fl-cd"/>
      </object_component>
      <object_component id="oc-14f">
         <name>.debug_info</name>
         <load_address>0x9470</load_address>
         <run_address>0x9470</run_address>
         <size>0x12c</size>
         <input_file_ref idref="fl-ce"/>
      </object_component>
      <object_component id="oc-14b">
         <name>.debug_info</name>
         <load_address>0x959c</load_address>
         <run_address>0x959c</run_address>
         <size>0x12c</size>
         <input_file_ref idref="fl-cf"/>
      </object_component>
      <object_component id="oc-a4">
         <name>.debug_info</name>
         <load_address>0x96c8</load_address>
         <run_address>0x96c8</run_address>
         <size>0x147</size>
         <input_file_ref idref="fl-d0"/>
      </object_component>
      <object_component id="oc-a0">
         <name>.debug_info</name>
         <load_address>0x980f</load_address>
         <run_address>0x980f</run_address>
         <size>0x2d4</size>
         <input_file_ref idref="fl-d1"/>
      </object_component>
      <object_component id="oc-51">
         <name>.debug_info</name>
         <load_address>0x9ae3</load_address>
         <run_address>0x9ae3</run_address>
         <size>0x1d2</size>
         <input_file_ref idref="fl-d1"/>
      </object_component>
      <object_component id="oc-9b">
         <name>.debug_info</name>
         <load_address>0x9cb5</load_address>
         <run_address>0x9cb5</run_address>
         <size>0x46</size>
         <input_file_ref idref="fl-d1"/>
      </object_component>
      <object_component id="oc-4c">
         <name>.debug_info</name>
         <load_address>0x9cfb</load_address>
         <run_address>0x9cfb</run_address>
         <size>0x2a8</size>
         <input_file_ref idref="fl-d2"/>
      </object_component>
      <object_component id="oc-1c">
         <name>.debug_info</name>
         <load_address>0x9fa3</load_address>
         <run_address>0x9fa3</run_address>
         <size>0x1ea</size>
         <input_file_ref idref="fl-d2"/>
      </object_component>
      <object_component id="oc-47">
         <name>.debug_info</name>
         <load_address>0xa18d</load_address>
         <run_address>0xa18d</run_address>
         <size>0x46</size>
         <input_file_ref idref="fl-d2"/>
      </object_component>
      <object_component id="oc-93">
         <name>.debug_info</name>
         <load_address>0xa1d3</load_address>
         <run_address>0xa1d3</run_address>
         <size>0x2c</size>
         <input_file_ref idref="fl-d2"/>
      </object_component>
      <object_component id="oc-91">
         <name>.debug_info</name>
         <load_address>0xa1ff</load_address>
         <run_address>0xa1ff</run_address>
         <size>0x29e</size>
         <input_file_ref idref="fl-d3"/>
      </object_component>
      <object_component id="oc-16">
         <name>.debug_info</name>
         <load_address>0xa49d</load_address>
         <run_address>0xa49d</run_address>
         <size>0x250</size>
         <input_file_ref idref="fl-d3"/>
      </object_component>
      <object_component id="oc-37">
         <name>.debug_info</name>
         <load_address>0xa6ed</load_address>
         <run_address>0xa6ed</run_address>
         <size>0x60</size>
         <input_file_ref idref="fl-d3"/>
      </object_component>
      <object_component id="oc-c6">
         <name>.debug_info</name>
         <load_address>0xa74d</load_address>
         <run_address>0xa74d</run_address>
         <size>0x46</size>
         <input_file_ref idref="fl-d3"/>
      </object_component>
      <object_component id="oc-8c">
         <name>.debug_info</name>
         <load_address>0xa793</load_address>
         <run_address>0xa793</run_address>
         <size>0x39</size>
         <input_file_ref idref="fl-d3"/>
      </object_component>
      <object_component id="oc-236">
         <name>.debug_info</name>
         <load_address>0xa7cc</load_address>
         <run_address>0xa7cc</run_address>
         <size>0x3aa</size>
         <input_file_ref idref="fl-d4"/>
      </object_component>
      <object_component id="oc-233">
         <name>.debug_info</name>
         <load_address>0xab76</load_address>
         <run_address>0xab76</run_address>
         <size>0x13a</size>
         <input_file_ref idref="fl-d4"/>
      </object_component>
      <object_component id="oc-1cc">
         <name>.debug_info</name>
         <load_address>0xacb0</load_address>
         <run_address>0xacb0</run_address>
         <size>0x72f</size>
         <input_file_ref idref="fl-d4"/>
      </object_component>
      <object_component id="oc-1b3">
         <name>.debug_info</name>
         <load_address>0xb3df</load_address>
         <run_address>0xb3df</run_address>
         <size>0x2c5</size>
         <input_file_ref idref="fl-d5"/>
      </object_component>
      <object_component id="oc-13f">
         <name>.debug_info</name>
         <load_address>0xb6a4</load_address>
         <run_address>0xb6a4</run_address>
         <size>0x149</size>
         <input_file_ref idref="fl-d5"/>
      </object_component>
      <object_component id="oc-1ab">
         <name>.debug_info</name>
         <load_address>0xb7ed</load_address>
         <run_address>0xb7ed</run_address>
         <size>0x2b9</size>
         <input_file_ref idref="fl-d6"/>
      </object_component>
      <object_component id="oc-139">
         <name>.debug_info</name>
         <load_address>0xbaa6</load_address>
         <run_address>0xbaa6</run_address>
         <size>0x17c</size>
         <input_file_ref idref="fl-d6"/>
      </object_component>
      <object_component id="oc-21d">
         <name>.debug_info</name>
         <load_address>0xbc22</load_address>
         <run_address>0xbc22</run_address>
         <size>0xf9</size>
         <input_file_ref idref="fl-d7"/>
      </object_component>
      <object_component id="oc-1a8">
         <name>.debug_info</name>
         <load_address>0xbd1b</load_address>
         <run_address>0xbd1b</run_address>
         <size>0x105</size>
         <input_file_ref idref="fl-d7"/>
      </object_component>
      <object_component id="oc-224">
         <name>.debug_info</name>
         <load_address>0xbe20</load_address>
         <run_address>0xbe20</run_address>
         <size>0x3b6</size>
         <input_file_ref idref="fl-d8"/>
      </object_component>
      <object_component id="oc-221">
         <name>.debug_info</name>
         <load_address>0xc1d6</load_address>
         <run_address>0xc1d6</run_address>
         <size>0x123</size>
         <input_file_ref idref="fl-d8"/>
      </object_component>
      <object_component id="oc-1b0">
         <name>.debug_info</name>
         <load_address>0xc2f9</load_address>
         <run_address>0xc2f9</run_address>
         <size>0x4e0</size>
         <input_file_ref idref="fl-d8"/>
      </object_component>
      <object_component id="oc-25">
         <name>.debug_info</name>
         <load_address>0xc7d9</load_address>
         <run_address>0xc7d9</run_address>
         <size>0x10b</size>
         <input_file_ref idref="fl-d9"/>
      </object_component>
      <object_component id="oc-60">
         <name>.debug_info</name>
         <load_address>0xc8e4</load_address>
         <run_address>0xc8e4</run_address>
         <size>0x1a9</size>
         <input_file_ref idref="fl-d9"/>
      </object_component>
      <object_component id="oc-24a">
         <name>.debug_info</name>
         <load_address>0xca8d</load_address>
         <run_address>0xca8d</run_address>
         <size>0x289</size>
         <input_file_ref idref="fl-da"/>
      </object_component>
      <object_component id="oc-247">
         <name>.debug_info</name>
         <load_address>0xcd16</load_address>
         <run_address>0xcd16</run_address>
         <size>0x10e</size>
         <input_file_ref idref="fl-da"/>
      </object_component>
      <object_component id="oc-1e0">
         <name>.debug_info</name>
         <load_address>0xce24</load_address>
         <run_address>0xce24</run_address>
         <size>0x14e</size>
         <input_file_ref idref="fl-da"/>
      </object_component>
      <object_component id="oc-23e">
         <name>.debug_info</name>
         <load_address>0xcf72</load_address>
         <run_address>0xcf72</run_address>
         <size>0x28d</size>
         <input_file_ref idref="fl-db"/>
      </object_component>
      <object_component id="oc-1d3">
         <name>.debug_info</name>
         <load_address>0xd1ff</load_address>
         <run_address>0xd1ff</run_address>
         <size>0x327</size>
         <input_file_ref idref="fl-db"/>
      </object_component>
      <object_component id="oc-22a">
         <name>.debug_info</name>
         <load_address>0xd526</load_address>
         <run_address>0xd526</run_address>
         <size>0x292</size>
         <input_file_ref idref="fl-dc"/>
      </object_component>
      <object_component id="oc-1bf">
         <name>.debug_info</name>
         <load_address>0xd7b8</load_address>
         <run_address>0xd7b8</run_address>
         <size>0x380</size>
         <input_file_ref idref="fl-dc"/>
      </object_component>
      <object_component id="oc-276">
         <name>.debug_info</name>
         <load_address>0xdb38</load_address>
         <run_address>0xdb38</run_address>
         <size>0x28f</size>
         <input_file_ref idref="fl-dd"/>
      </object_component>
      <object_component id="oc-22f">
         <name>.debug_info</name>
         <load_address>0xddc7</load_address>
         <run_address>0xddc7</run_address>
         <size>0x22a</size>
         <input_file_ref idref="fl-dd"/>
      </object_component>
      <object_component id="oc-43">
         <name>.debug_info</name>
         <load_address>0xdff1</load_address>
         <run_address>0xdff1</run_address>
         <size>0x119</size>
         <input_file_ref idref="fl-de"/>
      </object_component>
      <object_component id="oc-18e">
         <name>.debug_info</name>
         <load_address>0xe10a</load_address>
         <run_address>0xe10a</run_address>
         <size>0x4b3</size>
         <input_file_ref idref="fl-df"/>
      </object_component>
      <object_component id="oc-fb">
         <name>.debug_info</name>
         <load_address>0xe5bd</load_address>
         <run_address>0xe5bd</run_address>
         <size>0x1a6</size>
         <input_file_ref idref="fl-df"/>
      </object_component>
      <object_component id="oc-20a">
         <name>.debug_info</name>
         <load_address>0xe763</load_address>
         <run_address>0xe763</run_address>
         <size>0x39</size>
         <input_file_ref idref="fl-df"/>
      </object_component>
      <object_component id="oc-261">
         <name>.debug_info</name>
         <load_address>0xe79c</load_address>
         <run_address>0xe79c</run_address>
         <size>0x39</size>
         <input_file_ref idref="fl-df"/>
      </object_component>
      <object_component id="oc-20f">
         <name>.debug_info</name>
         <load_address>0xe7d5</load_address>
         <run_address>0xe7d5</run_address>
         <size>0x39</size>
         <input_file_ref idref="fl-df"/>
      </object_component>
      <object_component id="oc-214">
         <name>.debug_info</name>
         <load_address>0xe80e</load_address>
         <run_address>0xe80e</run_address>
         <size>0xcd</size>
         <input_file_ref idref="fl-df"/>
      </object_component>
      <object_component id="oc-a8">
         <name>.debug_info</name>
         <load_address>0xe8db</load_address>
         <run_address>0xe8db</run_address>
         <size>0x153</size>
         <input_file_ref idref="fl-e0"/>
      </object_component>
      <object_component id="oc-f0">
         <name>.debug_info</name>
         <load_address>0xea2e</load_address>
         <run_address>0xea2e</run_address>
         <size>0x122</size>
         <input_file_ref idref="fl-e2"/>
      </object_component>
      <object_component id="oc-2ba">
         <name>.debug_info</name>
         <load_address>0xeb50</load_address>
         <run_address>0xeb50</run_address>
         <size>0xae</size>
      </object_component>
      <object_component id="oc-81">
         <name>.debug_line</name>
         <load_address>0x0</load_address>
         <run_address>0x0</run_address>
         <size>0x41</size>
         <input_file_ref idref="fl-2"/>
      </object_component>
      <object_component id="oc-34">
         <name>.debug_line</name>
         <load_address>0x41</load_address>
         <run_address>0x41</run_address>
         <size>0x41</size>
         <input_file_ref idref="fl-2"/>
      </object_component>
      <object_component id="oc-2c">
         <name>.debug_line</name>
         <load_address>0x82</load_address>
         <run_address>0x82</run_address>
         <size>0xa1</size>
         <input_file_ref idref="fl-2"/>
      </object_component>
      <object_component id="oc-85">
         <name>.debug_line</name>
         <load_address>0x123</load_address>
         <run_address>0x123</run_address>
         <size>0x6f</size>
         <input_file_ref idref="fl-2"/>
      </object_component>
      <object_component id="oc-3f">
         <name>.debug_line</name>
         <load_address>0x192</load_address>
         <run_address>0x192</run_address>
         <size>0x20</size>
         <input_file_ref idref="fl-2"/>
      </object_component>
      <object_component id="oc-c4">
         <name>.debug_line</name>
         <load_address>0x1b2</load_address>
         <run_address>0x1b2</run_address>
         <size>0x73</size>
         <input_file_ref idref="fl-2"/>
      </object_component>
      <object_component id="oc-8a">
         <name>.debug_line</name>
         <load_address>0x225</load_address>
         <run_address>0x225</run_address>
         <size>0x70</size>
         <input_file_ref idref="fl-2"/>
      </object_component>
      <object_component id="oc-db">
         <name>.debug_line</name>
         <load_address>0x295</load_address>
         <run_address>0x295</run_address>
         <size>0x3db</size>
         <input_file_ref idref="fl-3"/>
      </object_component>
      <object_component id="oc-7e">
         <name>.debug_line</name>
         <load_address>0x670</load_address>
         <run_address>0x670</run_address>
         <size>0x71</size>
         <input_file_ref idref="fl-3"/>
      </object_component>
      <object_component id="oc-1a6">
         <name>.debug_line</name>
         <load_address>0x6e1</load_address>
         <run_address>0x6e1</run_address>
         <size>0x177</size>
         <input_file_ref idref="fl-4"/>
      </object_component>
      <object_component id="oc-182">
         <name>.debug_line</name>
         <load_address>0x858</load_address>
         <run_address>0x858</run_address>
         <size>0x38</size>
         <input_file_ref idref="fl-4"/>
      </object_component>
      <object_component id="oc-e7">
         <name>.debug_line</name>
         <load_address>0x890</load_address>
         <run_address>0x890</run_address>
         <size>0x2f1</size>
         <input_file_ref idref="fl-4"/>
      </object_component>
      <object_component id="oc-1a4">
         <name>.debug_line</name>
         <load_address>0xb81</load_address>
         <run_address>0xb81</run_address>
         <size>0x76</size>
         <input_file_ref idref="fl-5"/>
      </object_component>
      <object_component id="oc-e0">
         <name>.debug_line</name>
         <load_address>0xbf7</load_address>
         <run_address>0xbf7</run_address>
         <size>0x114</size>
         <input_file_ref idref="fl-5"/>
      </object_component>
      <object_component id="oc-c0">
         <name>.debug_line</name>
         <load_address>0xd0b</load_address>
         <run_address>0xd0b</run_address>
         <size>0x39</size>
         <input_file_ref idref="fl-6"/>
      </object_component>
      <object_component id="oc-31">
         <name>.debug_line</name>
         <load_address>0xd44</load_address>
         <run_address>0xd44</run_address>
         <size>0x3ec</size>
         <input_file_ref idref="fl-6"/>
      </object_component>
      <object_component id="oc-b1">
         <name>.debug_line</name>
         <load_address>0x1130</load_address>
         <run_address>0x1130</run_address>
         <size>0x63</size>
         <input_file_ref idref="fl-7"/>
      </object_component>
      <object_component id="oc-d0">
         <name>.debug_line</name>
         <load_address>0x1193</load_address>
         <run_address>0x1193</run_address>
         <size>0x6b</size>
         <input_file_ref idref="fl-7"/>
      </object_component>
      <object_component id="oc-25d">
         <name>.debug_line</name>
         <load_address>0x11fe</load_address>
         <run_address>0x11fe</run_address>
         <size>0x9b</size>
         <input_file_ref idref="fl-c1"/>
      </object_component>
      <object_component id="oc-17d">
         <name>.debug_line</name>
         <load_address>0x1299</load_address>
         <run_address>0x1299</run_address>
         <size>0x107</size>
         <input_file_ref idref="fl-c1"/>
      </object_component>
      <object_component id="oc-244">
         <name>.debug_line</name>
         <load_address>0x13a0</load_address>
         <run_address>0x13a0</run_address>
         <size>0x9a</size>
         <input_file_ref idref="fl-c1"/>
      </object_component>
      <object_component id="oc-1da">
         <name>.debug_line</name>
         <load_address>0x143a</load_address>
         <run_address>0x143a</run_address>
         <size>0x97</size>
         <input_file_ref idref="fl-c1"/>
      </object_component>
      <object_component id="oc-257">
         <name>.debug_line</name>
         <load_address>0x14d1</load_address>
         <run_address>0x14d1</run_address>
         <size>0x9b</size>
         <input_file_ref idref="fl-c2"/>
      </object_component>
      <object_component id="oc-24c">
         <name>.debug_line</name>
         <load_address>0x156c</load_address>
         <run_address>0x156c</run_address>
         <size>0x2b</size>
         <input_file_ref idref="fl-c2"/>
      </object_component>
      <object_component id="oc-167">
         <name>.debug_line</name>
         <load_address>0x1597</load_address>
         <run_address>0x1597</run_address>
         <size>0x2bc</size>
         <input_file_ref idref="fl-c2"/>
      </object_component>
      <object_component id="oc-25b">
         <name>.debug_line</name>
         <load_address>0x1853</load_address>
         <run_address>0x1853</run_address>
         <size>0x91</size>
         <input_file_ref idref="fl-c3"/>
      </object_component>
      <object_component id="oc-178">
         <name>.debug_line</name>
         <load_address>0x18e4</load_address>
         <run_address>0x18e4</run_address>
         <size>0x13f</size>
         <input_file_ref idref="fl-c3"/>
      </object_component>
      <object_component id="oc-259">
         <name>.debug_line</name>
         <load_address>0x1a23</load_address>
         <run_address>0x1a23</run_address>
         <size>0x32</size>
         <input_file_ref idref="fl-c4"/>
      </object_component>
      <object_component id="oc-16e">
         <name>.debug_line</name>
         <load_address>0x1a55</load_address>
         <run_address>0x1a55</run_address>
         <size>0x215</size>
         <input_file_ref idref="fl-c4"/>
      </object_component>
      <object_component id="oc-288">
         <name>.debug_line</name>
         <load_address>0x1c6a</load_address>
         <run_address>0x1c6a</run_address>
         <size>0x9b</size>
         <input_file_ref idref="fl-c5"/>
      </object_component>
      <object_component id="oc-1ef">
         <name>.debug_line</name>
         <load_address>0x1d05</load_address>
         <run_address>0x1d05</run_address>
         <size>0x9c</size>
         <input_file_ref idref="fl-c5"/>
      </object_component>
      <object_component id="oc-27e">
         <name>.debug_line</name>
         <load_address>0x1da1</load_address>
         <run_address>0x1da1</run_address>
         <size>0x9a</size>
         <input_file_ref idref="fl-c5"/>
      </object_component>
      <object_component id="oc-23b">
         <name>.debug_line</name>
         <load_address>0x1e3b</load_address>
         <run_address>0x1e3b</run_address>
         <size>0x97</size>
         <input_file_ref idref="fl-c5"/>
      </object_component>
      <object_component id="oc-240">
         <name>.debug_line</name>
         <load_address>0x1ed2</load_address>
         <run_address>0x1ed2</run_address>
         <size>0x32</size>
         <input_file_ref idref="fl-c6"/>
      </object_component>
      <object_component id="oc-161">
         <name>.debug_line</name>
         <load_address>0x1f04</load_address>
         <run_address>0x1f04</run_address>
         <size>0x1f7</size>
         <input_file_ref idref="fl-c6"/>
      </object_component>
      <object_component id="oc-252">
         <name>.debug_line</name>
         <load_address>0x20fb</load_address>
         <run_address>0x20fb</run_address>
         <size>0x48</size>
         <input_file_ref idref="fl-c7"/>
      </object_component>
      <object_component id="oc-15c">
         <name>.debug_line</name>
         <load_address>0x2143</load_address>
         <run_address>0x2143</run_address>
         <size>0xd2</size>
         <input_file_ref idref="fl-c8"/>
      </object_component>
      <object_component id="oc-1c5">
         <name>.debug_line</name>
         <load_address>0x2215</load_address>
         <run_address>0x2215</run_address>
         <size>0x77</size>
         <input_file_ref idref="fl-c9"/>
      </object_component>
      <object_component id="oc-1e6">
         <name>.debug_line</name>
         <load_address>0x228c</load_address>
         <run_address>0x228c</run_address>
         <size>0x77</size>
         <input_file_ref idref="fl-c9"/>
      </object_component>
      <object_component id="oc-157">
         <name>.debug_line</name>
         <load_address>0x2303</load_address>
         <run_address>0x2303</run_address>
         <size>0xa8</size>
         <input_file_ref idref="fl-ca"/>
      </object_component>
      <object_component id="oc-173">
         <name>.debug_line</name>
         <load_address>0x23ab</load_address>
         <run_address>0x23ab</run_address>
         <size>0x8e</size>
         <input_file_ref idref="fl-cb"/>
      </object_component>
      <object_component id="oc-1bd">
         <name>.debug_line</name>
         <load_address>0x2439</load_address>
         <run_address>0x2439</run_address>
         <size>0x5a</size>
         <input_file_ref idref="fl-cc"/>
      </object_component>
      <object_component id="oc-148">
         <name>.debug_line</name>
         <load_address>0x2493</load_address>
         <run_address>0x2493</run_address>
         <size>0x67</size>
         <input_file_ref idref="fl-cd"/>
      </object_component>
      <object_component id="oc-152">
         <name>.debug_line</name>
         <load_address>0x24fa</load_address>
         <run_address>0x24fa</run_address>
         <size>0x57</size>
         <input_file_ref idref="fl-ce"/>
      </object_component>
      <object_component id="oc-14d">
         <name>.debug_line</name>
         <load_address>0x2551</load_address>
         <run_address>0x2551</run_address>
         <size>0x50</size>
         <input_file_ref idref="fl-cf"/>
      </object_component>
      <object_component id="oc-a2">
         <name>.debug_line</name>
         <load_address>0x25a1</load_address>
         <run_address>0x25a1</run_address>
         <size>0x79</size>
         <input_file_ref idref="fl-d0"/>
      </object_component>
      <object_component id="oc-d3">
         <name>.debug_line</name>
         <load_address>0x261a</load_address>
         <run_address>0x261a</run_address>
         <size>0x92</size>
         <input_file_ref idref="fl-d1"/>
      </object_component>
      <object_component id="oc-4f">
         <name>.debug_line</name>
         <load_address>0x26ac</load_address>
         <run_address>0x26ac</run_address>
         <size>0x56</size>
         <input_file_ref idref="fl-d1"/>
      </object_component>
      <object_component id="oc-9e">
         <name>.debug_line</name>
         <load_address>0x2702</load_address>
         <run_address>0x2702</run_address>
         <size>0x34</size>
         <input_file_ref idref="fl-d1"/>
      </object_component>
      <object_component id="oc-99">
         <name>.debug_line</name>
         <load_address>0x2736</load_address>
         <run_address>0x2736</run_address>
         <size>0x20</size>
         <input_file_ref idref="fl-d2"/>
      </object_component>
      <object_component id="oc-1f">
         <name>.debug_line</name>
         <load_address>0x2756</load_address>
         <run_address>0x2756</run_address>
         <size>0x55</size>
         <input_file_ref idref="fl-d2"/>
      </object_component>
      <object_component id="oc-4a">
         <name>.debug_line</name>
         <load_address>0x27ab</load_address>
         <run_address>0x27ab</run_address>
         <size>0x3a</size>
         <input_file_ref idref="fl-d2"/>
      </object_component>
      <object_component id="oc-96">
         <name>.debug_line</name>
         <load_address>0x27e5</load_address>
         <run_address>0x27e5</run_address>
         <size>0x92</size>
         <input_file_ref idref="fl-d2"/>
      </object_component>
      <object_component id="oc-cc">
         <name>.debug_line</name>
         <load_address>0x2877</load_address>
         <run_address>0x2877</run_address>
         <size>0x20</size>
         <input_file_ref idref="fl-d3"/>
      </object_component>
      <object_component id="oc-19">
         <name>.debug_line</name>
         <load_address>0x2897</load_address>
         <run_address>0x2897</run_address>
         <size>0xa9</size>
         <input_file_ref idref="fl-d3"/>
      </object_component>
      <object_component id="oc-3a">
         <name>.debug_line</name>
         <load_address>0x2940</load_address>
         <run_address>0x2940</run_address>
         <size>0x3a</size>
         <input_file_ref idref="fl-d3"/>
      </object_component>
      <object_component id="oc-c9">
         <name>.debug_line</name>
         <load_address>0x297a</load_address>
         <run_address>0x297a</run_address>
         <size>0x9a</size>
         <input_file_ref idref="fl-d3"/>
      </object_component>
      <object_component id="oc-8f">
         <name>.debug_line</name>
         <load_address>0x2a14</load_address>
         <run_address>0x2a14</run_address>
         <size>0x96</size>
         <input_file_ref idref="fl-d3"/>
      </object_component>
      <object_component id="oc-27a">
         <name>.debug_line</name>
         <load_address>0x2aaa</load_address>
         <run_address>0x2aaa</run_address>
         <size>0x2a</size>
         <input_file_ref idref="fl-d4"/>
      </object_component>
      <object_component id="oc-278">
         <name>.debug_line</name>
         <load_address>0x2ad4</load_address>
         <run_address>0x2ad4</run_address>
         <size>0x30</size>
         <input_file_ref idref="fl-d4"/>
      </object_component>
      <object_component id="oc-1ce">
         <name>.debug_line</name>
         <load_address>0x2b04</load_address>
         <run_address>0x2b04</run_address>
         <size>0x3fd</size>
         <input_file_ref idref="fl-d4"/>
      </object_component>
      <object_component id="oc-227">
         <name>.debug_line</name>
         <load_address>0x2f01</load_address>
         <run_address>0x2f01</run_address>
         <size>0x92</size>
         <input_file_ref idref="fl-d5"/>
      </object_component>
      <object_component id="oc-142">
         <name>.debug_line</name>
         <load_address>0x2f93</load_address>
         <run_address>0x2f93</run_address>
         <size>0x3e</size>
         <input_file_ref idref="fl-d5"/>
      </object_component>
      <object_component id="oc-21f">
         <name>.debug_line</name>
         <load_address>0x2fd1</load_address>
         <run_address>0x2fd1</run_address>
         <size>0x91</size>
         <input_file_ref idref="fl-d6"/>
      </object_component>
      <object_component id="oc-13d">
         <name>.debug_line</name>
         <load_address>0x3062</load_address>
         <run_address>0x3062</run_address>
         <size>0x63</size>
         <input_file_ref idref="fl-d6"/>
      </object_component>
      <object_component id="oc-26e">
         <name>.debug_line</name>
         <load_address>0x30c5</load_address>
         <run_address>0x30c5</run_address>
         <size>0x20</size>
         <input_file_ref idref="fl-d7"/>
      </object_component>
      <object_component id="oc-21c">
         <name>.debug_line</name>
         <load_address>0x30e5</load_address>
         <run_address>0x30e5</run_address>
         <size>0x2b</size>
         <input_file_ref idref="fl-d7"/>
      </object_component>
      <object_component id="oc-272">
         <name>.debug_line</name>
         <load_address>0x3110</load_address>
         <run_address>0x3110</run_address>
         <size>0x172</size>
         <input_file_ref idref="fl-d8"/>
      </object_component>
      <object_component id="oc-270">
         <name>.debug_line</name>
         <load_address>0x3282</load_address>
         <run_address>0x3282</run_address>
         <size>0x2c</size>
         <input_file_ref idref="fl-d8"/>
      </object_component>
      <object_component id="oc-1af">
         <name>.debug_line</name>
         <load_address>0x32ae</load_address>
         <run_address>0x32ae</run_address>
         <size>0x38e</size>
         <input_file_ref idref="fl-d8"/>
      </object_component>
      <object_component id="oc-72">
         <name>.debug_line</name>
         <load_address>0x363c</load_address>
         <run_address>0x363c</run_address>
         <size>0x33</size>
         <input_file_ref idref="fl-d9"/>
      </object_component>
      <object_component id="oc-64">
         <name>.debug_line</name>
         <load_address>0x366f</load_address>
         <run_address>0x366f</run_address>
         <size>0x45</size>
         <input_file_ref idref="fl-d9"/>
      </object_component>
      <object_component id="oc-285">
         <name>.debug_line</name>
         <load_address>0x36b4</load_address>
         <run_address>0x36b4</run_address>
         <size>0x20</size>
         <input_file_ref idref="fl-da"/>
      </object_component>
      <object_component id="oc-283">
         <name>.debug_line</name>
         <load_address>0x36d4</load_address>
         <run_address>0x36d4</run_address>
         <size>0x2b</size>
         <input_file_ref idref="fl-da"/>
      </object_component>
      <object_component id="oc-1df">
         <name>.debug_line</name>
         <load_address>0x36ff</load_address>
         <run_address>0x36ff</run_address>
         <size>0x40</size>
         <input_file_ref idref="fl-da"/>
      </object_component>
      <object_component id="oc-281">
         <name>.debug_line</name>
         <load_address>0x373f</load_address>
         <run_address>0x373f</run_address>
         <size>0x20</size>
         <input_file_ref idref="fl-db"/>
      </object_component>
      <object_component id="oc-1d2">
         <name>.debug_line</name>
         <load_address>0x375f</load_address>
         <run_address>0x375f</run_address>
         <size>0x49</size>
         <input_file_ref idref="fl-db"/>
      </object_component>
      <object_component id="oc-274">
         <name>.debug_line</name>
         <load_address>0x37a8</load_address>
         <run_address>0x37a8</run_address>
         <size>0x20</size>
         <input_file_ref idref="fl-dc"/>
      </object_component>
      <object_component id="oc-1c2">
         <name>.debug_line</name>
         <load_address>0x37c8</load_address>
         <run_address>0x37c8</run_address>
         <size>0x56</size>
         <input_file_ref idref="fl-dc"/>
      </object_component>
      <object_component id="oc-28a">
         <name>.debug_line</name>
         <load_address>0x381e</load_address>
         <run_address>0x381e</run_address>
         <size>0x20</size>
         <input_file_ref idref="fl-dd"/>
      </object_component>
      <object_component id="oc-22e">
         <name>.debug_line</name>
         <load_address>0x383e</load_address>
         <run_address>0x383e</run_address>
         <size>0xa8</size>
         <input_file_ref idref="fl-dd"/>
      </object_component>
      <object_component id="oc-45">
         <name>.debug_line</name>
         <load_address>0x38e6</load_address>
         <run_address>0x38e6</run_address>
         <size>0x88</size>
         <input_file_ref idref="fl-de"/>
      </object_component>
      <object_component id="oc-209">
         <name>.debug_line</name>
         <load_address>0x396e</load_address>
         <run_address>0x396e</run_address>
         <size>0xbf</size>
         <input_file_ref idref="fl-df"/>
      </object_component>
      <object_component id="oc-fa">
         <name>.debug_line</name>
         <load_address>0x3a2d</load_address>
         <run_address>0x3a2d</run_address>
         <size>0x6f</size>
         <input_file_ref idref="fl-df"/>
      </object_component>
      <object_component id="oc-20d">
         <name>.debug_line</name>
         <load_address>0x3a9c</load_address>
         <run_address>0x3a9c</run_address>
         <size>0x2e</size>
         <input_file_ref idref="fl-df"/>
      </object_component>
      <object_component id="oc-264">
         <name>.debug_line</name>
         <load_address>0x3aca</load_address>
         <run_address>0x3aca</run_address>
         <size>0x9a</size>
         <input_file_ref idref="fl-df"/>
      </object_component>
      <object_component id="oc-212">
         <name>.debug_line</name>
         <load_address>0x3b64</load_address>
         <run_address>0x3b64</run_address>
         <size>0x97</size>
         <input_file_ref idref="fl-df"/>
      </object_component>
      <object_component id="oc-217">
         <name>.debug_line</name>
         <load_address>0x3bfb</load_address>
         <run_address>0x3bfb</run_address>
         <size>0x93</size>
         <input_file_ref idref="fl-df"/>
      </object_component>
      <object_component id="oc-ab">
         <name>.debug_line</name>
         <load_address>0x3c8e</load_address>
         <run_address>0x3c8e</run_address>
         <size>0x40</size>
         <input_file_ref idref="fl-e0"/>
      </object_component>
      <object_component id="oc-ef">
         <name>.debug_line</name>
         <load_address>0x3cce</load_address>
         <run_address>0x3cce</run_address>
         <size>0x3c</size>
         <input_file_ref idref="fl-e2"/>
      </object_component>
      <object_component id="oc-2b">
         <name>.debug_frame</name>
         <load_address>0x0</load_address>
         <run_address>0x0</run_address>
         <size>0x90</size>
         <input_file_ref idref="fl-2"/>
      </object_component>
      <object_component id="oc-da">
         <name>.debug_frame</name>
         <load_address>0x90</load_address>
         <run_address>0x90</run_address>
         <size>0xf4</size>
         <input_file_ref idref="fl-3"/>
      </object_component>
      <object_component id="oc-e6">
         <name>.debug_frame</name>
         <load_address>0x184</load_address>
         <run_address>0x184</run_address>
         <size>0x158</size>
         <input_file_ref idref="fl-4"/>
      </object_component>
      <object_component id="oc-e1">
         <name>.debug_frame</name>
         <load_address>0x2dc</load_address>
         <run_address>0x2dc</run_address>
         <size>0xd4</size>
         <input_file_ref idref="fl-5"/>
      </object_component>
      <object_component id="oc-32">
         <name>.debug_frame</name>
         <load_address>0x3b0</load_address>
         <run_address>0x3b0</run_address>
         <size>0x2c8</size>
         <input_file_ref idref="fl-6"/>
      </object_component>
      <object_component id="oc-b2">
         <name>.debug_frame</name>
         <load_address>0x678</load_address>
         <run_address>0x678</run_address>
         <size>0x5c</size>
         <input_file_ref idref="fl-7"/>
      </object_component>
      <object_component id="oc-17b">
         <name>.debug_frame</name>
         <load_address>0x6d4</load_address>
         <run_address>0x6d4</run_address>
         <size>0x7c</size>
         <input_file_ref idref="fl-c1"/>
      </object_component>
      <object_component id="oc-168">
         <name>.debug_frame</name>
         <load_address>0x750</load_address>
         <run_address>0x750</run_address>
         <size>0x7c</size>
         <input_file_ref idref="fl-c2"/>
      </object_component>
      <object_component id="oc-179">
         <name>.debug_frame</name>
         <load_address>0x7cc</load_address>
         <run_address>0x7cc</run_address>
         <size>0x64</size>
         <input_file_ref idref="fl-c3"/>
      </object_component>
      <object_component id="oc-16d">
         <name>.debug_frame</name>
         <load_address>0x830</load_address>
         <run_address>0x830</run_address>
         <size>0x70</size>
         <input_file_ref idref="fl-c4"/>
      </object_component>
      <object_component id="oc-1ee">
         <name>.debug_frame</name>
         <load_address>0x8a0</load_address>
         <run_address>0x8a0</run_address>
         <size>0x64</size>
         <input_file_ref idref="fl-c5"/>
      </object_component>
      <object_component id="oc-162">
         <name>.debug_frame</name>
         <load_address>0x904</load_address>
         <run_address>0x904</run_address>
         <size>0x70</size>
         <input_file_ref idref="fl-c6"/>
      </object_component>
      <object_component id="oc-253">
         <name>.debug_frame</name>
         <load_address>0x974</load_address>
         <run_address>0x974</run_address>
         <size>0x54</size>
         <input_file_ref idref="fl-c7"/>
      </object_component>
      <object_component id="oc-50">
         <name>.debug_frame</name>
         <load_address>0x9c8</load_address>
         <run_address>0x9c8</run_address>
         <size>0x54</size>
         <input_file_ref idref="fl-d1"/>
      </object_component>
      <object_component id="oc-20">
         <name>.debug_frame</name>
         <load_address>0xa1c</load_address>
         <run_address>0xa1c</run_address>
         <size>0x54</size>
         <input_file_ref idref="fl-d2"/>
      </object_component>
      <object_component id="oc-1a">
         <name>.debug_frame</name>
         <load_address>0xa70</load_address>
         <run_address>0xa70</run_address>
         <size>0x60</size>
         <input_file_ref idref="fl-d3"/>
      </object_component>
      <object_component id="oc-1ca">
         <name>.debug_frame</name>
         <load_address>0xad0</load_address>
         <run_address>0xad0</run_address>
         <size>0x78</size>
         <input_file_ref idref="fl-d4"/>
      </object_component>
      <object_component id="oc-143">
         <name>.debug_frame</name>
         <load_address>0xb48</load_address>
         <run_address>0xb48</run_address>
         <size>0x58</size>
         <input_file_ref idref="fl-d5"/>
      </object_component>
      <object_component id="oc-13c">
         <name>.debug_frame</name>
         <load_address>0xba0</load_address>
         <run_address>0xba0</run_address>
         <size>0x5c</size>
         <input_file_ref idref="fl-d6"/>
      </object_component>
      <object_component id="oc-1ae">
         <name>.debug_frame</name>
         <load_address>0xbfc</load_address>
         <run_address>0xbfc</run_address>
         <size>0x70</size>
         <input_file_ref idref="fl-d8"/>
      </object_component>
      <object_component id="oc-63">
         <name>.debug_frame</name>
         <load_address>0xc6c</load_address>
         <run_address>0xc6c</run_address>
         <size>0x50</size>
         <input_file_ref idref="fl-d9"/>
      </object_component>
      <object_component id="oc-1de">
         <name>.debug_frame</name>
         <load_address>0xcbc</load_address>
         <run_address>0xcbc</run_address>
         <size>0x54</size>
         <input_file_ref idref="fl-da"/>
      </object_component>
      <object_component id="oc-1d1">
         <name>.debug_frame</name>
         <load_address>0xd10</load_address>
         <run_address>0xd10</run_address>
         <size>0x70</size>
         <input_file_ref idref="fl-db"/>
      </object_component>
      <object_component id="oc-1c3">
         <name>.debug_frame</name>
         <load_address>0xd80</load_address>
         <run_address>0xd80</run_address>
         <size>0x70</size>
         <input_file_ref idref="fl-dc"/>
      </object_component>
      <object_component id="oc-22d">
         <name>.debug_frame</name>
         <load_address>0xdf0</load_address>
         <run_address>0xdf0</run_address>
         <size>0x60</size>
         <input_file_ref idref="fl-dd"/>
      </object_component>
      <object_component id="oc-fd">
         <name>.debug_frame</name>
         <load_address>0xe50</load_address>
         <run_address>0xe50</run_address>
         <size>0x5c</size>
         <input_file_ref idref="fl-df"/>
      </object_component>
      <object_component id="oc-ac">
         <name>.debug_frame</name>
         <load_address>0xeac</load_address>
         <run_address>0xeac</run_address>
         <size>0x54</size>
         <input_file_ref idref="fl-e0"/>
      </object_component>
      <object_component id="oc-ed">
         <name>.debug_frame</name>
         <load_address>0xf00</load_address>
         <run_address>0xf00</run_address>
         <size>0x54</size>
         <input_file_ref idref="fl-e2"/>
      </object_component>
      <object_component id="oc-80">
         <name>.debug_abbrev</name>
         <load_address>0x0</load_address>
         <run_address>0x0</run_address>
         <size>0x7c</size>
         <input_file_ref idref="fl-2"/>
      </object_component>
      <object_component id="oc-33">
         <name>.debug_abbrev</name>
         <load_address>0x7c</load_address>
         <run_address>0x7c</run_address>
         <size>0x29</size>
         <input_file_ref idref="fl-2"/>
[...]
      </symbol>
      <symbol id="sm-4">
         <name>__TI_CINIT_Base</name>
         <value>0x56c8</value>
      </symbol>
      <symbol id="sm-5">
         <name>__TI_CINIT_Limit</name>
         <value>0x56d8</value>
      </symbol>
      <symbol id="sm-6">
         <name>__TI_Handler_Table_Base</name>
         <value>0x56a8</value>
      </symbol>
      <symbol id="sm-7">
         <name>__TI_Handler_Table_Limit</name>
         <value>0x56b4</value>
      </symbol>
      <symbol id="sm-8">
         <name>binit</name>
         <value>0xffffffff</value>
      </symbol>
      <symbol id="sm-9">
         <name>__binit__</name>
         <value>0xffffffff</value>
      </symbol>
      <symbol id="sm-a">
         <name>__STACK_SIZE</name>
         <value>0x200</value>
      </symbol>
      <symbol id="sm-b">
         <name>__STACK_END</name>
         <value>0x20000200</value>
      </symbol>
      <symbol id="sm-c">
         <name>__c_args__</name>
         <value>0xffffffff</value>
      </symbol>
      <symbol id="sm-d">
         <name>__TI_pprof_out_hndl</name>
         <value>0xffffffff</value>
      </symbol>
      <symbol id="sm-e">
         <name>__TI_prof_data_start</name>
         <value>0xffffffff</value>
      </symbol>
      <symbol id="sm-f">
         <name>__TI_prof_data_size</name>
         <value>0xffffffff</value>
      </symbol>
      <symbol id="sm-56">
         <name>ResetISR</name>
         <value>0x5335</value>
         <object_component_ref idref="oc-27"/>
      </symbol>
      <symbol id="sm-57">
         <name>g_pfnVectors</name>
         <value>0x0</value>
         <object_component_ref idref="oc-12"/>
      </symbol>
      <symbol id="sm-127">
         <name>MGPIO_voidTogglePinDigitalValue</name>
         <value>0x925</value>
         <object_component_ref idref="oc-d6"/>
      </symbol>
      <symbol id="sm-128">
         <name>MGPIO_voidSetPortDigitalValue</name>
         <value>0xc3b</value>
         <object_component_ref idref="oc-d6"/>
      </symbol>
      <symbol id="sm-129">
         <name>MGPIO_voidEnablePullUpDown</name>
         <value>0x51d</value>
         <object_component_ref idref="oc-d6"/>
      </symbol>
      <symbol id="sm-12a">
         <name>MGPIO_voidSetPinDigitalDirection</name>
         <value>0x26d</value>
         <object_component_ref idref="oc-d6"/>
      </symbol>
      <symbol id="sm-12b">
         <name>MGPIO_voidSetPinDigitalValue</name>
         <value>0x789</value>
         <object_component_ref idref="oc-d6"/>
      </symbol>
      <symbol id="sm-12c">
         <name>MGPIO_voidSetPortDigitalDirection</name>
         <value>0x9cd</value>
         <object_component_ref idref="oc-d6"/>
      </symbol>
      <symbol id="sm-12d">
         <name>MGPIO_u8GetPinDigitalValue</name>
         <value>0x883</value>
         <object_component_ref idref="oc-d6"/>
      </symbol>
      <symbol id="sm-1b1">
         <name>Data</name>
         <value>0x20000200</value>
      </symbol>
      <symbol id="sm-1b2">
         <name>lon1</name>
         <value>0x2000027c</value>
      </symbol>
      <symbol id="sm-1b3">
         <name>lat1</name>
         <value>0x20000264</value>
      </symbol>
      <symbol id="sm-1b4">
         <name>lon2</name>
         <value>0x20000288</value>
      </symbol>
      <symbol id="sm-1b5">
         <name>lat2</name>
         <value>0x20000270</value>
      </symbol>
      <symbol id="sm-1b6">
         <name>Floatlon1</name>
         <value>0x2000029c</value>
      </symbol>
      <symbol id="sm-1b7">
         <name>Floatlat1</name>
         <value>0x20000294</value>
      </symbol>
      <symbol id="sm-1b8">
         <name>Floatlon2</name>
         <value>0x200002a0</value>
      </symbol>
      <symbol id="sm-1b9">
         <name>Floatlat2</name>
         <value>0x20000298</value>
      </symbol>
      <symbol id="sm-1ba">
         <name>HGPS_voidInit</name>
         <value>0x1711</value>
         <object_component_ref idref="oc-e2"/>
      </symbol>
      <symbol id="sm-1bb">
         <name>AVFlag</name>
         <value>0x200002ba</value>
         <object_component_ref idref="oc-e8"/>
      </symbol>
      <symbol id="sm-1bc">
         <name>Counter</name>
         <value>0x200002b8</value>
         <object_component_ref idref="oc-e8"/>
      </symbol>
      <symbol id="sm-1bd">
         <name>HGPS_voidStart</name>
         <value>0x171f</value>
         <object_component_ref idref="oc-e2"/>
      </symbol>
      <symbol id="sm-1be">
         <name>FirstFlag</name>
         <value>0x200002b9</value>
         <object_component_ref idref="oc-e8"/>
      </symbol>
      <symbol id="sm-1bf">
         <name>Distance</name>
         <value>0x200002b4</value>
         <object_component_ref idref="oc-e8"/>
      </symbol>
      <symbol id="sm-1d8">
         <name>HLCD_voidClear</name>
         <value>0x44d1</value>
         <object_component_ref idref="oc-dc"/>
      </symbol>
      <symbol id="sm-1d9">
         <name>HLCD_voidSendCommand</name>
         <value>0x4431</value>
         <object_component_ref idref="oc-dc"/>
      </symbol>
      <symbol id="sm-1da">
         <name>HLCD_voidInit</name>
         <value>0x43c7</value>
         <object_component_ref idref="oc-dc"/>
      </symbol>
      <symbol id="sm-1db">
         <name>HLCD_voidSendString</name>
         <value>0x44e1</value>
         <object_component_ref idref="oc-dc"/>
      </symbol>
      <symbol id="sm-1dc">
         <name>HLCD_voidSendChar</name>
         <value>0x4481</value>
         <object_component_ref idref="oc-dc"/>
      </symbol>
      <symbol id="sm-272">
         <name>UART0_CallBack</name>
         <value>0x200002a4</value>
      </symbol>
      <symbol id="sm-273">
         <name>UART1_CallBack</name>
         <value>0x200002a8</value>
      </symbol>
      <symbol id="sm-274">
         <name>UART2_CallBack</name>
         <value>0x200002ac</value>
      </symbol>
      <symbol id="sm-275">
         <name>UART5_CallBack</name>
         <value>0x200002b0</value>
      </symbol>
      <symbol id="sm-276">
         <name>MUART1_voidReceiveByte</name>
         <value>0x297d</value>
         <object_component_ref idref="oc-2d"/>
      </symbol>
      <symbol id="sm-277">
         <name>MUART1_voidSendString</name>
         <value>0x2b69</value>
         <object_component_ref idref="oc-2d"/>
      </symbol>
      <symbol id="sm-278">
         <name>UART1_Handler</name>
         <value>0x2a71</value>
         <object_component_ref idref="oc-2d"/>
      </symbol>
      <symbol id="sm-279">
         <name>MUART2_voidInit</name>
         <value>0x2851</value>
         <object_component_ref idref="oc-2d"/>
      </symbol>
      <symbol id="sm-27a">
         <name>MUART0_voidInit</name>
         <value>0x2735</value>
         <object_component_ref idref="oc-2d"/>
      </symbol>
      <symbol id="sm-27b">
         <name>MUART0_voidReceiveByte</name>
         <value>0x296d</value>
         <object_component_ref idref="oc-2d"/>
      </symbol>
      <symbol id="sm-27c">
         <name>MUART2_voidSendString</name>
         <value>0x2bf1</value>
         <object_component_ref idref="oc-2d"/>
      </symbol>
      <symbol id="sm-27d">
         <name>MUART5_voidInit</name>
         <value>0x28df</value>
         <object_component_ref idref="oc-2d"/>
      </symbol>
      <symbol id="sm-27e">
         <name>MUART1_voidInit</name>
         <value>0x27c3</value>
         <object_component_ref idref="oc-2d"/>
      </symbol>
      <symbol id="sm-27f">
         <name>UART5_Handler</name>
         <value>0x2a99</value>
         <object_component_ref idref="oc-2d"/>
      </symbol>
      <symbol id="sm-280">
         <name>MUART_voidActivatInterrupt</name>
         <value>0x2d01</value>
         <object_component_ref idref="oc-2d"/>
      </symbol>
      <symbol id="sm-281">
         <name>MUART_voidDeactivatInterrupt</name>
         <value>0x2db9</value>
         <object_component_ref idref="oc-2d"/>
      </symbol>
      <symbol id="sm-282">
         <name>MUART5_voidReceiveByte</name>
         <value>0x299d</value>
         <object_component_ref idref="oc-2d"/>
      </symbol>
      <symbol id="sm-283">
         <name>MUART5_u8SendByte</name>
         <value>0x2a01</value>
         <object_component_ref idref="oc-2d"/>
      </symbol>
      <symbol id="sm-284">
         <name>MUART1_voidSetCallBack</name>
         <value>0x2a2d</value>
         <object_component_ref idref="oc-2d"/>
      </symbol>
      <symbol id="sm-285">
         <name>UART0_Handler</name>
         <value>0x2a5d</value>
         <object_component_ref idref="oc-2d"/>
      </symbol>
      <symbol id="sm-286">
         <name>MUART0_u8SendByte</name>
         <value>0x29ad</value>
         <object_component_ref idref="oc-2d"/>
      </symbol>
      <symbol id="sm-287">
         <name>MUART5_voidSendString</name>
         <value>0x2c89</value>
         <object_component_ref idref="oc-2d"/>
      </symbol>
      <symbol id="sm-288">
         <name>MUART0_voidSetCallBack</name>
         <value>0x2a1d</value>
         <object_component_ref idref="oc-2d"/>
      </symbol>
      <symbol id="sm-289">
         <name>UART2_Handler</name>
         <value>0x2a85</value>
         <object_component_ref idref="oc-2d"/>
      </symbol>
      <symbol id="sm-28a">
         <name>MUART2_u8SendByte</name>
         <value>0x29e5</value>
         <object_component_ref idref="oc-2d"/>
      </symbol>
      <symbol id="sm-28b">
         <name>MUART2_voidSetCallBack</name>
         <value>0x2a3d</value>
         <object_component_ref idref="oc-2d"/>
      </symbol>
      <symbol id="sm-28c">
         <name>MUART2_voidReceiveByte</name>
         <value>0x298d</value>
         <object_component_ref idref="oc-2d"/>
      </symbol>
      <symbol id="sm-28d">
         <name>MUART0_voidSendString</name>
         <value>0x2ae1</value>
         <object_component_ref idref="oc-2d"/>
      </symbol>
      <symbol id="sm-28e">
         <name>MUART1_u8SendByte</name>
         <value>0x29c9</value>
         <object_component_ref idref="oc-2d"/>
      </symbol>
      <symbol id="sm-28f">
         <name>MUART5_voidSetCallBack</name>
         <value>0x2a4d</value>
         <object_component_ref idref="oc-2d"/>
      </symbol>
      <symbol id="sm-2a4">
         <name>main</name>
         <value>0x4dd1</value>
         <object_component_ref idref="oc-ad"/>
      </symbol>
      <symbol id="sm-2dd">
         <name>asinl</name>
         <value>0x3e3d</value>
         <object_component_ref idref="oc-17a"/>
      </symbol>
      <symbol id="sm-2de">
         <name>asin</name>
         <value>0x3e3d</value>
         <object_component_ref idref="oc-17a"/>
      </symbol>
      <symbol id="sm-36b">
         <name>pow</name>
         <value>0xd51</value>
         <object_component_ref idref="oc-163"/>
      </symbol>
      <symbol id="sm-36c">
         <name>powl</name>
         <value>0xd51</value>
         <object_component_ref idref="oc-163"/>
      </symbol>
      <symbol id="sm-38e">
         <name>sqrtl</name>
         <value>0x483d</value>
         <object_component_ref idref="oc-174"/>
      </symbol>
      <symbol id="sm-38f">
         <name>sqrt</name>
         <value>0x483d</value>
         <object_component_ref idref="oc-174"/>
      </symbol>
      <symbol id="sm-3e0">
         <name>cosl</name>
         <value>0x2e3d</value>
         <object_component_ref idref="oc-169"/>
      </symbol>
      <symbol id="sm-3e1">
         <name>cos</name>
         <value>0x2e3d</value>
         <object_component_ref idref="oc-169"/>
      </symbol>
      <symbol id="sm-408">
         <name>scalbn</name>
         <value>0x4acd</value>
         <object_component_ref idref="oc-1ea"/>
      </symbol>
      <symbol id="sm-409">
         <name>scalbnl</name>
         <value>0x4acd</value>
         <object_component_ref idref="oc-1ea"/>
      </symbol>
      <symbol id="sm-40a">
         <name>ldexpl</name>
         <value>0x4acd</value>
         <object_component_ref idref="oc-1ea"/>
      </symbol>
      <symbol id="sm-40b">
         <name>ldexp</name>
         <value>0x4acd</value>
         <object_component_ref idref="oc-1ea"/>
      </symbol>
      <symbol id="sm-457">
         <name>sin</name>
         <value>0x3419</value>
         <object_component_ref idref="oc-15d"/>
      </symbol>
      <symbol id="sm-458">
         <name>sinl</name>
         <value>0x3419</value>
         <object_component_ref idref="oc-15d"/>
      </symbol>
      <symbol id="sm-462">
         <name>copysign</name>
         <value>0x52fb</value>
         <object_component_ref idref="oc-24e"/>
      </symbol>
      <symbol id="sm-463">
         <name>copysignl</name>
         <value>0x52fb</value>
         <object_component_ref idref="oc-24e"/>
      </symbol>
      <symbol id="sm-47a">
         <name>__aeabi_dsub</name>
         <value>0x4211</value>
         <object_component_ref idref="oc-158"/>
      </symbol>
      <symbol id="sm-47b">
         <name>__aeabi_dadd</name>
         <value>0x421b</value>
         <object_component_ref idref="oc-158"/>
      </symbol>
      <symbol id="sm-49d">
         <name>__aeabi_cdcmpeq</name>
         <value>0x4f11</value>
         <object_component_ref idref="oc-1c4"/>
      </symbol>
      <symbol id="sm-49e">
         <name>__aeabi_cdcmple</name>
         <value>0x4f11</value>
         <object_component_ref idref="oc-1c4"/>
      </symbol>
      <symbol id="sm-49f">
         <name>__aeabi_cdrcmple</name>
         <value>0x4f97</value>
         <object_component_ref idref="oc-1e5"/>
      </symbol>
      <symbol id="sm-4b3">
         <name>__aeabi_ddiv</name>
         <value>0x4995</value>
         <object_component_ref idref="oc-153"/>
      </symbol>
      <symbol id="sm-4be">
         <name>__aeabi_dmul</name>
         <value>0x4bdd</value>
         <object_component_ref idref="oc-16f"/>
      </symbol>
      <symbol id="sm-4c8">
         <name>__aeabi_d2iz</name>
         <value>0x51b9</value>
         <object_component_ref idref="oc-1b9"/>
      </symbol>
      <symbol id="sm-4d4">
         <name>__aeabi_d2f</name>
         <value>0x5097</value>
         <object_component_ref idref="oc-144"/>
      </symbol>
      <symbol id="sm-4df">
         <name>__aeabi_f2d</name>
         <value>0x5245</value>
         <object_component_ref idref="oc-14e"/>
      </symbol>
      <symbol id="sm-4e9">
         <name>__aeabi_i2d</name>
         <value>0x52b1</value>
         <object_component_ref idref="oc-149"/>
      </symbol>
      <symbol id="sm-4f8">
         <name>__aeabi_memset</name>
         <value>0x501f</value>
         <object_component_ref idref="oc-a1"/>
      </symbol>
      <symbol id="sm-4f9">
         <name>memset</name>
         <value>0x5025</value>
         <object_component_ref idref="oc-a1"/>
      </symbol>
      <symbol id="sm-4fa">
         <name>__aeabi_memset8</name>
         <value>0x501f</value>
         <object_component_ref idref="oc-a1"/>
      </symbol>
      <symbol id="sm-4fb">
         <name>__aeabi_memset4</name>
         <value>0x501f</value>
         <object_component_ref idref="oc-a1"/>
      </symbol>
      <symbol id="sm-4fc">
         <name>__aeabi_memclr8</name>
         <value>0x501d</value>
         <object_component_ref idref="oc-a1"/>
      </symbol>
      <symbol id="sm-4fd">
         <name>__aeabi_memclr4</name>
         <value>0x501d</value>
         <object_component_ref idref="oc-a1"/>
      </symbol>
      <symbol id="sm-4fe">
         <name>__aeabi_memclr</name>
         <value>0x501d</value>
         <object_component_ref idref="oc-a1"/>
      </symbol>
      <symbol id="sm-512">
         <name>__TI_zero_init_nomemset</name>
         <value>0x52df</value>
         <object_component_ref idref="oc-4d"/>
      </symbol>
      <symbol id="sm-529">
         <name>__TI_decompress_none</name>
         <value>0x5327</value>
         <object_component_ref idref="oc-1b"/>
      </symbol>
      <symbol id="sm-54c">
         <name>__TI_decompress_lzss</name>
         <value>0x5105</value>
         <object_component_ref idref="oc-15"/>
      </symbol>
      <symbol id="sm-5b2">
         <name>__kernel_rem_pio2</name>
         <value>0x1ffd</value>
         <object_component_ref idref="oc-1c9"/>
      </symbol>
      <symbol id="sm-5bf">
         <name>atof</name>
         <value>0x5315</value>
         <object_component_ref idref="oc-13e"/>
      </symbol>
      <symbol id="sm-5d5">
         <name>atoi</name>
         <value>0x516d</value>
         <object_component_ref idref="oc-138"/>
      </symbol>
      <symbol id="sm-5e0">
         <name>_ctypes_</name>
         <value>0x54a8</value>
         <object_component_ref idref="oc-1a7"/>
      </symbol>
      <symbol id="sm-640">
         <name>strtold</name>
         <value>0x39dd</value>
         <object_component_ref idref="oc-1ac"/>
      </symbol>
      <symbol id="sm-641">
         <name>strtod</name>
         <value>0x39dd</value>
         <object_component_ref idref="oc-1ac"/>
      </symbol>
      <symbol id="sm-654">
         <name>__stack</name>
         <value>0x20000000</value>
         <object_component_ref idref="oc-24"/>
      </symbol>
      <symbol id="sm-655">
         <name>_c_int00_noargs</name>
         <value>0x527d</value>
         <object_component_ref idref="oc-5f"/>
      </symbol>
      <symbol id="sm-66b">
         <name>__aeabi_errno_addr</name>
         <value>0x5341</value>
         <object_component_ref idref="oc-1dc"/>
      </symbol>
      <symbol id="sm-66c">
         <name>errno</name>
         <value>0x200002bc</value>
         <object_component_ref idref="oc-246"/>
      </symbol>
      <symbol id="sm-682">
         <name>__kernel_cos</name>
         <value>0x46d1</value>
         <object_component_ref idref="oc-1cf"/>
      </symbol>
      <symbol id="sm-699">
         <name>__kernel_sin</name>
         <value>0x455d</value>
         <object_component_ref idref="oc-1be"/>
      </symbol>
      <symbol id="sm-6b6">
         <name>floorl</name>
         <value>0x4cd9</value>
         <object_component_ref idref="oc-22c"/>
      </symbol>
      <symbol id="sm-6b7">
         <name>floor</name>
         <value>0x4cd9</value>
         <object_component_ref idref="oc-22c"/>
      </symbol>
      <symbol id="sm-6d2">
         <name>memcpy</name>
         <value>0x4e75</value>
         <object_component_ref idref="oc-41"/>
      </symbol>
      <symbol id="sm-6d3">
         <name>__aeabi_memcpy</name>
         <value>0x4e75</value>
         <object_component_ref idref="oc-41"/>
      </symbol>
      <symbol id="sm-6d4">
         <name>__aeabi_memcpy8</name>
         <value>0x4e75</value>
         <object_component_ref idref="oc-41"/>
      </symbol>
      <symbol id="sm-6d5">
         <name>__aeabi_memcpy4</name>
         <value>0x4e75</value>
         <object_component_ref idref="oc-41"/>
      </symbol>
      <symbol id="sm-6fd">
         <name>__TI_auto_init_nobinit_nopinit</name>
         <value>0x5201</value>
         <object_component_ref idref="oc-f8"/>
      </symbol>
      <symbol id="sm-707">
         <name>_system_pre_init</name>
         <value>0x5349</value>
         <object_component_ref idref="oc-a7"/>
      </symbol>
      <symbol id="sm-713">
         <name>C$$EXIT</name>
         <value>0x534d</value>
         <object_component_ref idref="oc-ec"/>
      </symbol>
      <symbol id="sm-714">
         <name>abort</name>
         <value>0x534d</value>
         <object_component_ref idref="oc-ec"/>
      </symbol>
      <symbol id="sm-717">
         <name>__TI_static_base__</name>
         <value>0x0</value>
      </symbol>
      <symbol id="sm-71a">
         <name>__mpu_init</name>
         <value>0x0</value>
      </symbol>
      <symbol id="sm-71b">
         <name>_system_post_cinit</name>
         <value>0x0</value>
      </symbol>
   </symbol_table>
   <title>Link successful</title>
</link_info>
