******************************************************************************
                  TI ARM Linker PC v20.2.2                     
******************************************************************************
>> Linked Sat Jun  5 12:47:18 2021

OUTPUT FILE NAME:   <GPS_Project.out>
ENTRY POINT SYMBOL: "_c_int00_noargs"  address: 00001c4d


MEMORY CONFIGURATION

         name            origin    length      used     unused   attr    fill
----------------------  --------  ---------  --------  --------  ----  --------
  FLASH                 00000000   00040000  00001cee  0003e312  R  X
  SRAM                  20000000   00008000  000002bb  00007d45  RW X


SEGMENT ALLOCATION MAP

run origin  load origin   length   init length attrs members
----------  ----------- ---------- ----------- ----- -------
00000000    00000000    00001cf0   00001cf0    r-x
  00000000    00000000    0000026c   0000026c    r-- .intvecs
  0000026c    0000026c    00001a52   00001a52    r-x .text
  00001cc0    00001cc0    00000030   00000030    r-- .cinit
20000000    20000000    000002bb   00000000    rw-
  20000000    20000000    00000200   00000000    rw- .stack
  20000200    20000200    000000b4   00000000    rw- .bss
  200002b4    200002b4    00000007   00000000    rw- .data


SECTION ALLOCATION MAP

 output                                  attributes/
section   page    origin      length       input sections
--------  ----  ----------  ----------   ----------------
.intvecs   0    00000000    0000026c     
                  00000000    0000026c     tm4c123gh6pm_startup_ccs.obj (.intvecs)

.text      0    0000026c    00001a52     
                  0000026c    00000ae4     GPIO_program.obj (.text)
                  00000d50    00000700     UART_program.obj (.text)
                  00001450    00000400     GPS_program.obj (.text)
                  00001850    00000196     LCD_program.obj (.text)
                  000019e6    00000002     --HOLE-- [fill = 0]
                  000019e8    000000a0     main.obj (.text)
                  00001a88    0000009c     rtsv7M4_T_le_v4SPD16_eabi.lib : memcpy_t2.asm.obj (.text)
                  00001b24    0000007a                                   : memset_t2.asm.obj (.text)
                  00001b9e    00000068                                   : copy_decompress_lzss.c.obj (.text:decompress:lzss:__TI_decompress_lzss)
                  00001c06    00000002     --HOLE-- [fill = 0]
                  00001c08    00000044                                   : autoinit.c.obj (.text:__TI_auto_init_nobinit_nopinit:__TI_auto_init_nobinit_nopinit)
                  00001c4c    00000034                                   : boot_cortex_m.c.obj (.text:_c_int00_noargs:_c_int00_noargs)
                  00001c80    0000001c                                   : copy_zero_init.c.obj (.text:decompress:ZI:__TI_zero_init_nomemset:__TI_zero_init_nomemset)
                  00001c9c    0000000e                                   : copy_decompress_none.c.obj (.text:decompress:none:__TI_decompress_none)
                  00001caa    0000000c     tm4c123gh6pm_startup_ccs.obj (.text)
                  00001cb6    00000004     rtsv7M4_T_le_v4SPD16_eabi.lib : pre_init.c.obj (.text:_system_pre_init)
                  00001cba    00000004                                   : exit.c.obj (.text:abort:abort)

.cinit     0    00001cc0    00000030     
                  00001cc0    0000000c     (__TI_handler_table)
                  00001ccc    00000004     --HOLE-- [fill = 0]
                  00001cd0    00000008     (.cinit..bss.load) [load image, compression = zero_init]
                  00001cd8    00000007     (.cinit..data.load) [load image, compression = lzss]
                  00001cdf    00000001     --HOLE-- [fill = 0]
                  00001ce0    00000010     (__TI_cinit_table)

.init_array 
*          0    00000000    00000000     UNINITIALIZED

.bss       0    20000200    000000b4     UNINITIALIZED
                  20000200    00000064     (.common:Data)
                  20000264    0000000c     (.common:lat1)
                  20000270    0000000c     (.common:lat2)
                  2000027c    0000000c     (.common:lon1)
                  20000288    0000000c     (.common:lon2)
                  20000294    00000004     (.common:Floatlat1)
                  20000298    00000004     (.common:Floatlat2)
                  2000029c    00000004     (.common:Floatlon1)
                  200002a0    00000004     (.common:Floatlon2)
                  200002a4    00000004     (.common:UART0_CallBack)
                  200002a8    00000004     (.common:UART1_CallBack)
                  200002ac    00000004     (.common:UART2_CallBack)
                  200002b0    00000004     (.common:UART5_CallBack)

.data      0    200002b4    00000007     UNINITIALIZED
                  200002b4    00000007     GPS_program.obj (.data)

.stack     0    20000000    00000200     UNINITIALIZED
                  20000000    00000004     rtsv7M4_T_le_v4SPD16_eabi.lib : boot_cortex_m.c.obj (.stack)
                  20000004    000001fc     --HOLE--

__llvm_prf_cnts 
*          0    20000000    00000000     UNINITIALIZED

MODULE SUMMARY

       Module                         code   ro data   rw data
       ------                         ----   -------   -------
    .\
       tm4c123gh6pm_startup_ccs.obj   12     620       0      
    +--+------------------------------+------+---------+---------+
       Total:                         12     620       0      
                                                              
    .\src\
       GPIO_program.obj               2788   0         0      
       UART_program.obj               1792   0         16     
       GPS_program.obj                1024   0         171    
       LCD_program.obj                406    0         0      
       main.obj                       160    0         0      
    +--+------------------------------+------+---------+---------+
       Total:                         6170   0         187    
                                                              
    C:\ti\ccs1020\ccs\tools\compiler\ti-cgt-arm_20.2.2.LTS\lib\rtsv7M4_T_le_v4SPD16_eabi.lib
       memcpy_t2.asm.obj              156    0         0      
       memset_t2.asm.obj              122    0         0      
       copy_decompress_lzss.c.obj     104    0         0      
       autoinit.c.obj                 68     0         0      
       boot_cortex_m.c.obj            52     0         0      
       copy_zero_init.c.obj           28     0         0      
       copy_decompress_none.c.obj     14     0         0      
       exit.c.obj                     4      0         0      
       pre_init.c.obj                 4      0         0      
    +--+------------------------------+------+---------+---------+
       Total:                         552    0         0      
                                                              
       Stack:                         0      0         512    
       Linker Generated:              0      43        0      
    +--+------------------------------+------+---------+---------+
       Grand Total:                   6734   663       699    


LINKER GENERATED COPY TABLES

__TI_cinit_table @ 00001ce0 records: 2, size/record: 8, table size: 16
	.bss: load addr=00001cd0, load size=00000008 bytes, run addr=20000200, run size=000000b4 bytes, compression=zero_init
	.data: load addr=00001cd8, load size=00000007 bytes, run addr=200002b4, run size=00000007 bytes, compression=lzss


LINKER GENERATED HANDLER TABLE

__TI_handler_table @ 00001cc0 records: 3, size/record: 4, table size: 12
	index: 0, handler: __TI_decompress_lzss
	index: 1, handler: __TI_decompress_none
	index: 2, handler: __TI_zero_init


GLOBAL SYMBOLS: SORTED ALPHABETICALLY BY Name 

address   name                             
-------   ----                             
200002ba  AVFlag                           
00001cbb  C$$EXIT                          
200002b8  Counter                          
20000200  Data                             
200002b4  Distance                         
200002b9  FirstFlag                        
20000294  Floatlat1                        
20000298  Floatlat2                        
2000029c  Floatlon1                        
200002a0  Floatlon2                        
00001451  HGPS_voidInit                    
0000145f  HGPS_voidStart                   
0000195b  HLCD_voidClear                   
00001851  HLCD_voidInit                    
0000190b  HLCD_voidSendChar                
000018bb  HLCD_voidSendCommand             
0000196b  HLCD_voidSendString              
00000883  MGPIO_u8GetPinDigitalValue       
0000051d  MGPIO_voidEnablePullUpDown       
0000026d  MGPIO_voidSetPinDigitalDirection 
00000789  MGPIO_voidSetPinDigitalValue     
000009cd  MGPIO_voidSetPortDigitalDirection
00000c3b  MGPIO_voidSetPortDigitalValue    
00000925  MGPIO_voidTogglePinDigitalValue  
00000fc9  MUART0_u8SendByte                
00000d51  MUART0_voidInit                  
00000f89  MUART0_voidReceiveByte           
000010fd  MUART0_voidSendString            
00001039  MUART0_voidSetCallBack           
00000fe5  MUART1_u8SendByte                
00000ddf  MUART1_voidInit                  
00000f99  MUART1_voidReceiveByte           
00001181  MUART1_voidSendString            
00001049  MUART1_voidSetCallBack           
00001001  MUART2_u8SendByte                
00000e6d  MUART2_voidInit                  
00000fa9  MUART2_voidReceiveByte           
00001205  MUART2_voidSendString            
00001059  MUART2_voidSetCallBack           
0000101d  MUART5_u8SendByte                
00000efb  MUART5_voidInit                  
00000fb9  MUART5_voidReceiveByte           
00001295  MUART5_voidSendString            
00001069  MUART5_voidSetCallBack           
00001311  MUART_voidActivatInterrupt       
000013c9  MUART_voidDeactivatInterrupt     
00001cab  ResetISR                         
200002a4  UART0_CallBack                   
00001079  UART0_Handler                    
200002a8  UART1_CallBack                   
0000108d  UART1_Handler                    
200002ac  UART2_CallBack                   
000010a1  UART2_Handler                    
200002b0  UART5_CallBack                   
000010b5  UART5_Handler                    
20000200  __STACK_END                      
00000200  __STACK_SIZE                     
20000200  __STACK_TOP                      
00001ce0  __TI_CINIT_Base                  
00001cf0  __TI_CINIT_Limit                 
00001cc0  __TI_Handler_Table_Base          
00001ccc  __TI_Handler_Table_Limit         
00001c09  __TI_auto_init_nobinit_nopinit   
00001b9f  __TI_decompress_lzss             
00001c9d  __TI_decompress_none             
ffffffff  __TI_pprof_out_hndl              
ffffffff  __TI_prof_data_size              
ffffffff  __TI_prof_data_start             
00000000  __TI_static_base__               
00001c81  __TI_zero_init_nomemset          
00001b25  __aeabi_memclr                   
00001b25  __aeabi_memclr4                  
00001b25  __aeabi_memclr8                  
00001a89  __aeabi_memcpy                   
00001a89  __aeabi_memcpy4                  
00001a89  __aeabi_memcpy8                  
00001b27  __aeabi_memset                   
00001b27  __aeabi_memset4                  
00001b27  __aeabi_memset8                  
ffffffff  __binit__                        
ffffffff  __c_args__                       
UNDEFED   __mpu_init                       
20000000  __stack                          
20000000  __start___llvm_prf_cnts          
20000000  __stop___llvm_prf_cnts           
00001c4d  _c_int00_noargs                  
UNDEFED   _system_post_cinit               
00001cb7  _system_pre_init                 
00001cbb  abort                            
ffffffff  binit                            
00000000  g_pfnVectors                     
20000264  lat1                             
20000270  lat2                             
2000027c  lon1                             
20000288  lon2                             
000019e9  main                             
00001a89  memcpy                           
00001b2d  memset                           


GLOBAL SYMBOLS: SORTED BY Symbol Address 

address   name                             
-------   ----                             
00000000  __TI_static_base__               
00000000  g_pfnVectors                     
00000200  __STACK_SIZE                     
0000026d  MGPIO_voidSetPinDigitalDirection 
0000051d  MGPIO_voidEnablePullUpDown       
00000789  MGPIO_voidSetPinDigitalValue     
00000883  MGPIO_u8GetPinDigitalValue       
00000925  MGPIO_voidTogglePinDigitalValue  
000009cd  MGPIO_voidSetPortDigitalDirection
00000c3b  MGPIO_voidSetPortDigitalValue    
00000d51  MUART0_voidInit                  
00000ddf  MUART1_voidInit                  
00000e6d  MUART2_voidInit                  
00000efb  MUART5_voidInit                  
00000f89  MUART0_voidReceiveByte           
00000f99  MUART1_voidReceiveByte           
00000fa9  MUART2_voidReceiveByte           
00000fb9  MUART5_voidReceiveByte           
00000fc9  MUART0_u8SendByte                
00000fe5  MUART1_u8SendByte                
00001001  MUART2_u8SendByte                
0000101d  MUART5_u8SendByte                
00001039  MUART0_voidSetCallBack           
00001049  MUART1_voidSetCallBack           
00001059  MUART2_voidSetCallBack           
00001069  MUART5_voidSetCallBack           
00001079  UART0_Handler                    
0000108d  UART1_Handler                    
000010a1  UART2_Handler                    
000010b5  UART5_Handler                    
000010fd  MUART0_voidSendString            
00001181  MUART1_voidSendString            
00001205  MUART2_voidSendString            
00001295  MUART5_voidSendString            
00001311  MUART_voidActivatInterrupt       
000013c9  MUART_voidDeactivatInterrupt     
00001451  HGPS_voidInit                    
0000145f  HGPS_voidStart                   
00001851  HLCD_voidInit                    
000018bb  HLCD_voidSendCommand             
0000190b  HLCD_voidSendChar                
0000195b  HLCD_voidClear                   
0000196b  HLCD_voidSendString              
000019e9  main                             
00001a89  __aeabi_memcpy                   
00001a89  __aeabi_memcpy4                  
00001a89  __aeabi_memcpy8                  
00001a89  memcpy                           
00001b25  __aeabi_memclr                   
00001b25  __aeabi_memclr4                  
00001b25  __aeabi_memclr8                  
00001b27  __aeabi_memset                   
00001b27  __aeabi_memset4                  
00001b27  __aeabi_memset8                  
00001b2d  memset                           
00001b9f  __TI_decompress_lzss             
00001c09  __TI_auto_init_nobinit_nopinit   
00001c4d  _c_int00_noargs                  
00001c81  __TI_zero_init_nomemset          
00001c9d  __TI_decompress_none             
00001cab  ResetISR                         
00001cb7  _system_pre_init                 
00001cbb  C$$EXIT                          
00001cbb  abort                            
00001cc0  __TI_Handler_Table_Base          
00001ccc  __TI_Handler_Table_Limit         
00001ce0  __TI_CINIT_Base                  
00001cf0  __TI_CINIT_Limit                 
20000000  __stack                          
20000000  __start___llvm_prf_cnts          
20000000  __stop___llvm_prf_cnts           
20000200  Data                             
20000200  __STACK_END                      
20000200  __STACK_TOP                      
20000264  lat1                             
20000270  lat2                             
2000027c  lon1                             
20000288  lon2                             
20000294  Floatlat1                        
20000298  Floatlat2                        
2000029c  Floatlon1                        
200002a0  Floatlon2                        
200002a4  UART0_CallBack                   
200002a8  UART1_CallBack                   
200002ac  UART2_CallBack                   
200002b0  UART5_CallBack                   
200002b4  Distance                         
200002b8  Counter                          
200002b9  FirstFlag                        
200002ba  AVFlag                           
ffffffff  __TI_pprof_out_hndl              
ffffffff  __TI_prof_data_size              
ffffffff  __TI_prof_data_start             
ffffffff  __binit__                        
ffffffff  __c_args__                       
ffffffff  binit                            
UNDEFED   __mpu_init                       
UNDEFED   _system_post_cinit               

[98 symbols]
