******************************************************************************
                  TI ARM Linker PC v20.2.2                     
******************************************************************************
>> Linked Sat Jun  5 12:49:26 2021

OUTPUT FILE NAME:   <GPS_Project.out>
ENTRY POINT SYMBOL: "_c_int00_noargs"  address: 000028f5


MEMORY CONFIGURATION

         name            origin    length      used     unused   attr    fill
----------------------  --------  ---------  --------  --------  ----  --------
  FLASH                 00000000   00040000  00002bc8  0003d438  R  X
  SRAM                  20000000   00008000  000002c0  00007d40  RW X


SEGMENT ALLOCATION MAP

run origin  load origin   length   init length attrs members
----------  ----------- ---------- ----------- ----- -------
00000000    00000000    00002bc8   00002bc8    r-x
  00000000    00000000    0000026c   0000026c    r-- .intvecs
  0000026c    0000026c    0000275c   0000275c    r-x .text
  000029c8    000029c8    000001d0   000001d0    r-- .const
  00002b98    00002b98    00000030   00000030    r-- .cinit
20000000    20000000    000002c0   00000000    rw-
  20000000    20000000    00000200   00000000    rw- .stack
  20000200    20000200    000000b4   00000000    rw- .bss
  200002b4    200002b4    0000000c   00000000    rw- .data


SECTION ALLOCATION MAP

 output                                  attributes/
section   page    origin      length       input sections
--------  ----  ----------  ----------   ----------------
.intvecs   0    00000000    0000026c     
                  00000000    0000026c     tm4c123gh6pm_startup_ccs.obj (.intvecs)

.text      0    0000026c    0000275c     
                  0000026c    00000ae4     GPIO_program.obj (.text)
                  00000d50    00000700     UART_program.obj (.text)
                  00001450    000005d8     GPS_program.obj (.text)
                  00001a28    00000460     rtsv7M4_T_le_v4SPD16_eabi.lib : strtod.c.obj (.text:strtod)
                  00001e88    000001b6                                   : fd_add_t2.asm.obj (.text)
                  0000203e    00000196     LCD_program.obj (.text)
                  000021d4    00000136     rtsv7M4_T_le_v4SPD16_eabi.lib : fd_div_t2.asm.obj (.text)
                  0000230a    00000002     --HOLE-- [fill = 0]
                  0000230c    00000110                                   : s_scalbn.c.obj (.text:scalbn)
                  0000241c    000000fc                                   : fd_mul_t2.asm.obj (.text)
                  00002518    000000a0     main.obj (.text)
                  000025b8    0000009c     rtsv7M4_T_le_v4SPD16_eabi.lib : memcpy_t2.asm.obj (.text)
                  00002654    00000086                                   : fd_cmp_t2.asm.obj (.text:__aeabi_cdcmple)
                  000026da    0000007a                                   : memset_t2.asm.obj (.text)
                  00002754    0000006e                                   : fd_tos_t2.asm.obj (.text)
                  000027c2    00000068                                   : copy_decompress_lzss.c.obj (.text:decompress:lzss:__TI_decompress_lzss)
                  0000282a    00000002     --HOLE-- [fill = 0]
                  0000282c    0000004c                                   : atoi.c.obj (.text:atoi)
                  00002878    00000044                                   : autoinit.c.obj (.text:__TI_auto_init_nobinit_nopinit:__TI_auto_init_nobinit_nopinit)
                  000028bc    00000038                                   : fs_tod_t2.asm.obj (.text)
                  000028f4    00000034                                   : boot_cortex_m.c.obj (.text:_c_int00_noargs:_c_int00_noargs)
                  00002928    0000002e                                   : i_tofd_t2.asm.obj (.text)
                  00002956    0000001c                                   : copy_zero_init.c.obj (.text:decompress:ZI:__TI_zero_init_nomemset:__TI_zero_init_nomemset)
                  00002972    0000001a                                   : s_copysign.c.obj (.text:copysign)
                  0000298c    00000012                                   : atof.c.obj (.text:atof)
                  0000299e    0000000e                                   : copy_decompress_none.c.obj (.text:decompress:none:__TI_decompress_none)
                  000029ac    0000000c     tm4c123gh6pm_startup_ccs.obj (.text)
                  000029b8    00000008     rtsv7M4_T_le_v4SPD16_eabi.lib : errno.c.obj (.text:__aeabi_errno_addr)
                  000029c0    00000004                                   : pre_init.c.obj (.text:_system_pre_init)
                  000029c4    00000004                                   : exit.c.obj (.text:abort:abort)

.const     0    000029c8    000001d0     
                  000029c8    00000101     rtsv7M4_T_le_v4SPD16_eabi.lib : ctype.c.obj (.const:.string:_ctypes_)
                  00002ac9    00000007     --HOLE-- [fill = 0]
                  00002ad0    000000c8                                   : strtod.c.obj (.const:$O1$$)

.cinit     0    00002b98    00000030     
                  00002b98    0000000c     (__TI_handler_table)
                  00002ba4    00000004     --HOLE-- [fill = 0]
                  00002ba8    00000008     (.cinit..bss.load) [load image, compression = zero_init]
                  00002bb0    00000007     (.cinit..data.load) [load image, compression = lzss]
                  00002bb7    00000001     --HOLE-- [fill = 0]
                  00002bb8    00000010     (__TI_cinit_table)

.init_array 
*          0    00000000    00000000     UNINITIALIZED

.bss       0    20000200    000000b4     UNINITIALIZED
                  20000200    00000064     (.common:Data)
                  20000264    0000000c     (.common:lat1)
                  20000270    0000000c     (.common:lat2)
                  2000027c    0000000c     (.common:lon1)
                  20000288    0000000c     (.common:lon2)
                  20000294    00000004     (.common:Floatlat1)
                  20000298    00000004     (.common:Floatlat2)
                  2000029c    00000004     (.common:Floatlon1)
                  200002a0    00000004     (.common:Floatlon2)
                  200002a4    00000004     (.common:UART0_CallBack)
                  200002a8    00000004     (.common:UART1_CallBack)
                  200002ac    00000004     (.common:UART2_CallBack)
                  200002b0    00000004     (.common:UART5_CallBack)

.data      0    200002b4    0000000c     UNINITIALIZED
                  200002b4    00000007     GPS_program.obj (.data)
                  200002bb    00000001     --HOLE--
                  200002bc    00000004     rtsv7M4_T_le_v4SPD16_eabi.lib : errno.c.obj (.data)

.stack     0    20000000    00000200     UNINITIALIZED
                  20000000    00000004     rtsv7M4_T_le_v4SPD16_eabi.lib : boot_cortex_m.c.obj (.stack)
                  20000004    000001fc     --HOLE--

__llvm_prf_cnts 
*          0    20000000    00000000     UNINITIALIZED

MODULE SUMMARY

       Module                         code    ro data   rw data
       ------                         ----    -------   -------
    .\
       tm4c123gh6pm_startup_ccs.obj   12      620       0      
    +--+------------------------------+-------+---------+---------+
       Total:                         12      620       0      
                                                               
    .\src\
       GPIO_program.obj               2788    0         0      
       UART_program.obj               1792    0         16     
       GPS_program.obj                1496    0         171    
       LCD_program.obj                406     0         0      
       main.obj                       160     0         0      
    +--+------------------------------+-------+---------+---------+
       Total:                         6642    0         187    
                                                               
    C:\ti\ccs1020\ccs\tools\compiler\ti-cgt-arm_20.2.2.LTS\lib\rtsv7M4_T_le_v4SPD16_eabi.lib
       strtod.c.obj                   1120    200       0      
       fd_add_t2.asm.obj              438     0         0      
       fd_div_t2.asm.obj              310     0         0      
       s_scalbn.c.obj                 272     0         0      
       ctype.c.obj                    0       257       0      
       fd_mul_t2.asm.obj              252     0         0      
       memcpy_t2.asm.obj              156     0         0      
       fd_cmp_t2.asm.obj              134     0         0      
       memset_t2.asm.obj              122     0         0      
       fd_tos_t2.asm.obj              110     0         0      
       copy_decompress_lzss.c.obj     104     0         0      
       atoi.c.obj                     76      0         0      
       autoinit.c.obj                 68      0         0      
       fs_tod_t2.asm.obj              56      0         0      
       boot_cortex_m.c.obj            52      0         0      
       i_tofd_t2.asm.obj              46      0         0      
       copy_zero_init.c.obj           28      0         0      
       s_copysign.c.obj               26      0         0      
       atof.c.obj                     18      0         0      
       copy_decompress_none.c.obj     14      0         0      
       errno.c.obj                    8       0         4      
       exit.c.obj                     4       0         0      
       pre_init.c.obj                 4       0         0      
    +--+------------------------------+-------+---------+---------+
       Total:                         3418    457       4      
                                                               
       Stack:                         0       0         512    
       Linker Generated:              0       43        0      
    +--+------------------------------+-------+---------+---------+
       Grand Total:                   10072   1120      703    


LINKER GENERATED COPY TABLES

__TI_cinit_table @ 00002bb8 records: 2, size/record: 8, table size: 16
	.bss: load addr=00002ba8, load size=00000008 bytes, run addr=20000200, run size=000000b4 bytes, compression=zero_init
	.data: load addr=00002bb0, load size=00000007 bytes, run addr=200002b4, run size=0000000c bytes, compression=lzss


LINKER GENERATED HANDLER TABLE

__TI_handler_table @ 00002b98 records: 3, size/record: 4, table size: 12
	index: 0, handler: __TI_decompress_lzss
	index: 1, handler: __TI_decompress_none
	index: 2, handler: __TI_zero_init


GLOBAL SYMBOLS: SORTED ALPHABETICALLY BY Name 

address   name                             
-------   ----                             
200002ba  AVFlag                           
000029c5  C$$EXIT                          
200002b8  Counter                          
20000200  Data                             
200002b4  Distance                         
200002b9  FirstFlag                        
20000294  Floatlat1                        
20000298  Floatlat2                        
2000029c  Floatlon1                        
200002a0  Floatlon2                        
00001451  HGPS_voidInit                    
0000145f  HGPS_voidStart                   
00002149  HLCD_voidClear                   
0000203f  HLCD_voidInit                    
000020f9  HLCD_voidSendChar                
000020a9  HLCD_voidSendCommand             
00002159  HLCD_voidSendString              
00000883  MGPIO_u8GetPinDigitalValue       
0000051d  MGPIO_voidEnablePullUpDown       
0000026d  MGPIO_voidSetPinDigitalDirection 
00000789  MGPIO_voidSetPinDigitalValue     
000009cd  MGPIO_voidSetPortDigitalDirection
00000c3b  MGPIO_voidSetPortDigitalValue    
00000925  MGPIO_voidTogglePinDigitalValue  
00000fc9  MUART0_u8SendByte                
00000d51  MUART0_voidInit                  
00000f89  MUART0_voidReceiveByte           
000010fd  MUART0_voidSendString            
00001039  MUART0_voidSetCallBack           
00000fe5  MUART1_u8SendByte                
00000ddf  MUART1_voidInit                  
00000f99  MUART1_voidReceiveByte           
00001181  MUART1_voidSendString            
00001049  MUART1_voidSetCallBack           
00001001  MUART2_u8SendByte                
00000e6d  MUART2_voidInit                  
00000fa9  MUART2_voidReceiveByte           
00001205  MUART2_voidSendString            
00001059  MUART2_voidSetCallBack           
0000101d  MUART5_u8SendByte                
00000efb  MUART5_voidInit                  
00000fb9  MUART5_voidReceiveByte           
00001295  MUART5_voidSendString            
00001069  MUART5_voidSetCallBack           
00001311  MUART_voidActivatInterrupt       
000013c9  MUART_voidDeactivatInterrupt     
000029ad  ResetISR                         
200002a4  UART0_CallBack                   
00001079  UART0_Handler                    
200002a8  UART1_CallBack                   
0000108d  UART1_Handler                    
200002ac  UART2_CallBack                   
000010a1  UART2_Handler                    
200002b0  UART5_CallBack                   
000010b5  UART5_Handler                    
20000200  __STACK_END                      
00000200  __STACK_SIZE                     
20000200  __STACK_TOP                      
00002bb8  __TI_CINIT_Base                  
00002bc8  __TI_CINIT_Limit                 
00002b98  __TI_Handler_Table_Base          
00002ba4  __TI_Handler_Table_Limit         
00002879  __TI_auto_init_nobinit_nopinit   
000027c3  __TI_decompress_lzss             
0000299f  __TI_decompress_none             
ffffffff  __TI_pprof_out_hndl              
ffffffff  __TI_prof_data_size              
ffffffff  __TI_prof_data_start             
00000000  __TI_static_base__               
00002957  __TI_zero_init_nomemset          
00002655  __aeabi_cdcmpeq                  
00002655  __aeabi_cdcmple                  
00002755  __aeabi_d2f                      
00001e93  __aeabi_dadd                     
000021d5  __aeabi_ddiv                     
0000241d  __aeabi_dmul                     
00001e89  __aeabi_dsub                     
000029b9  __aeabi_errno_addr               
000028bd  __aeabi_f2d                      
00002929  __aeabi_i2d                      
000026db  __aeabi_memclr                   
000026db  __aeabi_memclr4                  
000026db  __aeabi_memclr8                  
000025b9  __aeabi_memcpy                   
000025b9  __aeabi_memcpy4                  
000025b9  __aeabi_memcpy8                  
000026dd  __aeabi_memset                   
000026dd  __aeabi_memset4                  
000026dd  __aeabi_memset8                  
ffffffff  __binit__                        
ffffffff  __c_args__                       
UNDEFED   __mpu_init                       
20000000  __stack                          
20000000  __start___llvm_prf_cnts          
20000000  __stop___llvm_prf_cnts           
000028f5  _c_int00_noargs                  
000029c8  _ctypes_                         
UNDEFED   _system_post_cinit               
000029c1  _system_pre_init                 
000029c5  abort                            
0000298d  atof                             
0000282d  atoi                             
ffffffff  binit                            
00002973  copysign                         
00002973  copysignl                        
200002bc  errno                            
00000000  g_pfnVectors                     
20000264  lat1                             
20000270  lat2                             
0000230d  ldexp                            
0000230d  ldexpl                           
2000027c  lon1                             
20000288  lon2                             
00002519  main                             
000025b9  memcpy                           
000026e3  memset                           
0000230d  scalbn                           
0000230d  scalbnl                          
00001a29  strtod                           
00001a29  strtold                          


GLOBAL SYMBOLS: SORTED BY Symbol Address 

address   name                             
-------   ----                             
00000000  __TI_static_base__               
00000000  g_pfnVectors                     
00000200  __STACK_SIZE                     
0000026d  MGPIO_voidSetPinDigitalDirection 
0000051d  MGPIO_voidEnablePullUpDown       
00000789  MGPIO_voidSetPinDigitalValue     
00000883  MGPIO_u8GetPinDigitalValue       
00000925  MGPIO_voidTogglePinDigitalValue  
000009cd  MGPIO_voidSetPortDigitalDirection
00000c3b  MGPIO_voidSetPortDigitalValue    
00000d51  MUART0_voidInit                  
00000ddf  MUART1_voidInit                  
00000e6d  MUART2_voidInit                  
00000efb  MUART5_voidInit                  
00000f89  MUART0_voidReceiveByte           
00000f99  MUART1_voidReceiveByte           
00000fa9  MUART2_voidReceiveByte           
00000fb9  MUART5_voidReceiveByte           
00000fc9  MUART0_u8SendByte                
00000fe5  MUART1_u8SendByte                
00001001  MUART2_u8SendByte                
0000101d  MUART5_u8SendByte                
00001039  MUART0_voidSetCallBack           
00001049  MUART1_voidSetCallBack           
00001059  MUART2_voidSetCallBack           
00001069  MUART5_voidSetCallBack           
00001079  UART0_Handler                    
0000108d  UART1_Handler                    
000010a1  UART2_Handler                    
000010b5  UART5_Handler                    
000010fd  MUART0_voidSendString            
00001181  MUART1_voidSendString            
00001205  MUART2_voidSendString            
00001295  MUART5_voidSendString            
00001311  MUART_voidActivatInterrupt       
000013c9  MUART_voidDeactivatInterrupt     
00001451  HGPS_voidInit                    
0000145f  HGPS_voidStart                   
00001a29  strtod                           
00001a29  strtold                          
00001e89  __aeabi_dsub                     
00001e93  __aeabi_dadd                     
0000203f  HLCD_voidInit                    
000020a9  HLCD_voidSendCommand             
000020f9  HLCD_voidSendChar                
00002149  HLCD_voidClear                   
00002159  HLCD_voidSendString              
000021d5  __aeabi_ddiv                     
0000230d  ldexp                            
0000230d  ldexpl                           
0000230d  scalbn                           
0000230d  scalbnl                          
0000241d  __aeabi_dmul                     
00002519  main                             
000025b9  __aeabi_memcpy                   
000025b9  __aeabi_memcpy4                  
000025b9  __aeabi_memcpy8                  
000025b9  memcpy                           
00002655  __aeabi_cdcmpeq                  
00002655  __aeabi_cdcmple                  
000026db  __aeabi_memclr                   
000026db  __aeabi_memclr4                  
000026db  __aeabi_memclr8                  
000026dd  __aeabi_memset                   
000026dd  __aeabi_memset4                  
000026dd  __aeabi_memset8                  
000026e3  memset                           
00002755  __aeabi_d2f                      
000027c3  __TI_decompress_lzss             
0000282d  atoi                             
00002879  __TI_auto_init_nobinit_nopinit   
000028bd  __aeabi_f2d                      
000028f5  _c_int00_noargs                  
00002929  __aeabi_i2d                      
00002957  __TI_zero_init_nomemset          
00002973  copysign                         
00002973  copysignl                        
0000298d  atof                             
0000299f  __TI_decompress_none             
000029ad  ResetISR                         
000029b9  __aeabi_errno_addr               
000029c1  _system_pre_init                 
000029c5  C$$EXIT                          
000029c5  abort                            
000029c8  _ctypes_                         
00002b98  __TI_Handler_Table_Base          
00002ba4  __TI_Handler_Table_Limit         
00002bb8  __TI_CINIT_Base                  
00002bc8  __TI_CINIT_Limit                 
20000000  __stack                          
20000000  __start___llvm_prf_cnts          
20000000  __stop___llvm_prf_cnts           
20000200  Data                             
20000200  __STACK_END                      
20000200  __STACK_TOP                      
20000264  lat1                             
20000270  lat2                             
2000027c  lon1                             
20000288  lon2                             
20000294  Floatlat1                        
20000298  Floatlat2                        
2000029c  Floatlon1                        
200002a0  Floatlon2                        
200002a4  UART0_CallBack                   
200002a8  UART1_CallBack                   
200002ac  UART2_CallBack                   
200002b0  UART5_CallBack                   
200002b4  Distance                         
200002b8  Counter                          
200002b9  FirstFlag                        
200002ba  AVFlag                           
200002bc  errno                            
ffffffff  __TI_pprof_out_hndl              
ffffffff  __TI_prof_data_size              
ffffffff  __TI_prof_data_start             
ffffffff  __binit__                        
ffffffff  __c_args__                       
ffffffff  binit                            
UNDEFED   __mpu_init                       
UNDEFED   _system_post_cinit               

[120 symbols]
