******************************************************************************
                  TI ARM Linker PC v20.2.2                     
******************************************************************************
>> Linked Fri Jun  4 01:35:54 2021

OUTPUT FILE NAME:   <GPS_Project.out>
ENTRY POINT SYMBOL: "_c_int00_noinit_noargs"  address: 00000ead


MEMORY CONFIGURATION

         name            origin    length      used     unused   attr    fill
----------------------  --------  ---------  --------  --------  ----  --------
  FLASH                 00000000   00040000  00000f00  0003f100  R  X
  SRAM                  20000000   00008000  00000200  00007e00  RW X


SEGMENT ALLOCATION MAP

run origin  load origin   length   init length attrs members
----------  ----------- ---------- ----------- ----- -------
00000000    00000000    00000f00   00000f00    r-x
  00000000    00000000    0000026c   0000026c    r-- .intvecs
  0000026c    0000026c    00000c94   00000c94    r-x .text
20000000    20000000    00000200   00000000    rw-
  20000000    20000000    00000200   00000000    rw- .stack


SECTION ALLOCATION MAP

 output                                  attributes/
section   page    origin      length       input sections
--------  ----  ----------  ----------   ----------------
.intvecs   0    00000000    0000026c     
                  00000000    0000026c     tm4c123gh6pm_startup_ccs.obj (.intvecs)

.text      0    0000026c    00000c94     
                  0000026c    00000ae4     GPIO_program.obj (.text)
                  00000d50    0000015a     LCD_program.obj (.text)
                  00000eaa    00000002     --HOLE-- [fill = 0]
                  00000eac    0000002c     rtsv7M4_T_le_v4SPD16_eabi.lib : boot_cortex_m.c.obj (.text:_c_int00_noinit_noargs:_c_int00_noinit_noargs)
                  00000ed8    00000014     main.obj (.text)
                  00000eec    0000000c     tm4c123gh6pm_startup_ccs.obj (.text)
                  00000ef8    00000004     rtsv7M4_T_le_v4SPD16_eabi.lib : pre_init.c.obj (.text:_system_pre_init)
                  00000efc    00000004                                   : exit.c.obj (.text:abort:abort)

.cinit     0    00000000    00000000     UNINITIALIZED

.init_array 
*          0    00000000    00000000     UNINITIALIZED

.stack     0    20000000    00000200     UNINITIALIZED
                  20000000    00000004     rtsv7M4_T_le_v4SPD16_eabi.lib : boot_cortex_m.c.obj (.stack)
                  20000004    000001fc     --HOLE--

__llvm_prf_cnts 
*          0    20000000    00000000     UNINITIALIZED

MODULE SUMMARY

       Module                         code   ro data   rw data
       ------                         ----   -------   -------
    .\
       tm4c123gh6pm_startup_ccs.obj   12     620       0      
    +--+------------------------------+------+---------+---------+
       Total:                         12     620       0      
                                                              
    .\src\
       GPIO_program.obj               2788   0         0      
       LCD_program.obj                346    0         0      
       main.obj                       20     0         0      
    +--+------------------------------+------+---------+---------+
       Total:                         3154   0         0      
                                                              
    C:\ti\ccs1020\ccs\tools\compiler\ti-cgt-arm_20.2.2.LTS\lib\rtsv7M4_T_le_v4SPD16_eabi.lib
       boot_cortex_m.c.obj            44     0         0      
       exit.c.obj                     4      0         0      
       pre_init.c.obj                 4      0         0      
    +--+------------------------------+------+---------+---------+
       Total:                         52     0         0      
                                                              
       Stack:                         0      0         512    
    +--+------------------------------+------+---------+---------+
       Grand Total:                   3218   620       512    


GLOBAL SYMBOLS: SORTED ALPHABETICALLY BY Name 

address   name                             
-------   ----                             
00000efd  C$$EXIT                          
00000e31  HLCD_Clear                       
00000d51  HLCD_Init                        
00000df1  HLCD_SendChar                    
00000db1  HLCD_SendCommand                 
00000e41  HLCD_SendString                  
00000883  MGPIO_u8GetPinDigitalValue       
0000051d  MGPIO_voidEnablePullUpDown       
0000026d  MGPIO_voidSetPinDigitalDirection 
00000789  MGPIO_voidSetPinDigitalValue     
000009cd  MGPIO_voidSetPortDigitalDirection
00000c3b  MGPIO_voidSetPortDigitalValue    
00000925  MGPIO_voidTogglePinDigitalValue  
00000eed  ResetISR                         
20000200  __STACK_END                      
00000200  __STACK_SIZE                     
20000200  __STACK_TOP                      
ffffffff  __TI_pprof_out_hndl              
ffffffff  __TI_prof_data_size              
ffffffff  __TI_prof_data_start             
00000000  __TI_static_base__               
ffffffff  __binit__                        
ffffffff  __c_args__                       
UNDEFED   __mpu_init                       
20000000  __stack                          
20000000  __start___llvm_prf_cnts          
20000000  __stop___llvm_prf_cnts           
00000ead  _c_int00_noinit_noargs           
00000ef9  _system_pre_init                 
00000efd  abort                            
ffffffff  binit                            
00000000  g_pfnVectors                     
00000ed9  main                             


GLOBAL SYMBOLS: SORTED BY Symbol Address 

address   name                             
-------   ----                             
00000000  __TI_static_base__               
00000000  g_pfnVectors                     
00000200  __STACK_SIZE                     
0000026d  MGPIO_voidSetPinDigitalDirection 
0000051d  MGPIO_voidEnablePullUpDown       
00000789  MGPIO_voidSetPinDigitalValue     
00000883  MGPIO_u8GetPinDigitalValue       
00000925  MGPIO_voidTogglePinDigitalValue  
000009cd  MGPIO_voidSetPortDigitalDirection
00000c3b  MGPIO_voidSetPortDigitalValue    
00000d51  HLCD_Init                        
00000db1  HLCD_SendCommand                 
00000df1  HLCD_SendChar                    
00000e31  HLCD_Clear                       
00000e41  HLCD_SendString                  
00000ead  _c_int00_noinit_noargs           
00000ed9  main                             
00000eed  ResetISR                         
00000ef9  _system_pre_init                 
00000efd  C$$EXIT                          
00000efd  abort                            
20000000  __stack                          
20000000  __start___llvm_prf_cnts          
20000000  __stop___llvm_prf_cnts           
20000200  __STACK_END                      
20000200  __STACK_TOP                      
ffffffff  __TI_pprof_out_hndl              
ffffffff  __TI_prof_data_size              
ffffffff  __TI_prof_data_start             
ffffffff  __binit__                        
ffffffff  __c_args__                       
ffffffff  binit                            
UNDEFED   __mpu_init                       

[33 symbols]
